============================= test session starts =============================
platform win32 -- Python 3.12.10, pytest-9.0.1, pluggy-1.6.0 -- C:\Users\avina\AppData\Local\Programs\Python\Python312\python.exe
cachedir: .pytest_cache
rootdir: E:\Projects\CognitiveMemoryLayer
configfile: pyproject.toml
plugins: anyio-4.11.0, Faker-37.12.0, langsmith-0.4.32, asyncio-1.3.0, cov-7.0.0, httpx-0.36.0
asyncio: mode=Mode.AUTO, debug=False, asyncio_default_fixture_loop_scope=function, asyncio_default_test_loop_scope=function
collecting ... collected 727 items / 1 skipped

tests/e2e/test_api_flows.py::test_full_memory_lifecycle ERROR            [  0%]
tests/e2e/test_api_flows.py::test_unauthorized_access PASSED             [  0%]
tests/e2e/test_api_flows.py::test_health_response_structure ERROR        [  0%]
tests/e2e/test_api_flows.py::test_write_eval_mode_returns_outcome_and_reason ERROR [  0%]
tests/integration/test_api_flow.py::test_health_check PASSED             [  0%]
tests/integration/test_api_flow.py::test_health_no_auth PASSED           [  0%]
tests/integration/test_api_flow.py::test_write_requires_auth PASSED      [  0%]
tests/integration/test_api_flow.py::test_read_requires_auth PASSED       [  1%]
tests/integration/test_api_flow.py::test_stats_requires_auth PASSED      [  1%]
tests/integration/test_consolidation_constraint.py::test_consolidation_preserves_constraint_policy PASSED [  1%]
tests/integration/test_consolidation_flow.py::test_consolidation_empty_episodes PASSED [  1%]
tests/integration/test_consolidation_flow.py::test_consolidation_with_episodes_fallback_gist PASSED [  1%]
tests/integration/test_constraint_semantic_disconnect.py::test_constraint_surfaces_despite_semantic_disconnect FAILED [  1%]
tests/integration/test_dashboard_flow.py::TestDashboardIntegration::test_dashboard_overview_returns_200 PASSED [  1%]
tests/integration/test_dashboard_flow.py::TestDashboardIntegration::test_dashboard_overview_with_tenant_filter PASSED [  2%]
tests/integration/test_dashboard_flow.py::TestDashboardIntegration::test_dashboard_memories_returns_200 PASSED [  2%]
tests/integration/test_dashboard_flow.py::TestDashboardIntegration::test_dashboard_events_returns_200 PASSED [  2%]
tests/integration/test_dashboard_flow.py::TestDashboardIntegration::test_dashboard_timeline_returns_200 PASSED [  2%]
tests/integration/test_dashboard_flow.py::TestDashboardIntegration::test_dashboard_components_returns_200 PASSED [  2%]
tests/integration/test_dashboard_flow.py::TestDashboardIntegration::test_dashboard_tenants_returns_200 PASSED [  2%]
tests/integration/test_dashboard_flow.py::TestDashboardIntegration::test_dashboard_memory_detail_404_for_unknown_id PASSED [  2%]
tests/integration/test_fact_store_integration.py::test_upsert_and_get_fact PASSED [  3%]
tests/integration/test_fact_store_integration.py::test_get_facts_by_category PASSED [  3%]
tests/integration/test_fact_store_integration.py::test_get_user_profile PASSED [  3%]
tests/integration/test_fact_store_integration.py::test_search_facts PASSED [  3%]
tests/integration/test_fact_store_integration.py::test_get_facts_by_category_respects_limit PASSED [  3%]
tests/integration/test_fact_store_integration.py::test_get_facts_by_category_excludes_expired PASSED [  3%]
tests/integration/test_forgetting_flow.py::test_forgetting_empty_no_memories PASSED [  3%]
tests/integration/test_forgetting_flow.py::test_forgetting_dry_run_does_not_modify PASSED [  3%]
tests/integration/test_forgetting_flow.py::test_forgetting_decay_reduces_confidence PASSED [  4%]
tests/integration/test_forgetting_flow.py::test_forgetting_flow_protected_types_kept_low_episodic_affected PASSED [  4%]
tests/integration/test_forgetting_flow.py::test_count_references_to_zero_for_missing_record PASSED [  4%]
tests/integration/test_forgetting_flow.py::test_count_references_to_includes_supersedes_and_evidence_refs PASSED [  4%]
tests/integration/test_forgetting_flow.py::test_executor_delete_skipped_when_dependencies PASSED [  4%]
tests/integration/test_forgetting_llm_compression.py::test_llm_compression_summarize_returns_shorter_text PASSED [  4%]
tests/integration/test_forgetting_llm_compression.py::test_llm_compression_summarize_content_reasonable PASSED [  4%]
tests/integration/test_hippocampal_encode_flow.py::test_encode_chunk_stores_record FAILED [  5%]
tests/integration/test_hippocampal_encode_flow.py::test_encode_chunk_skip_low_salience FAILED [  5%]
tests/integration/test_hippocampal_encode_flow.py::test_encode_chunk_stored_record_type_matches_gate FAILED [  5%]
tests/integration/test_hippocampal_encode_flow.py::test_hippocampal_get_recent_and_search_with_type_filter FAILED [  5%]
tests/integration/test_hippocampal_encode_flow.py::test_constraint_supersession_first_silent_second_active FAILED [  5%]
tests/integration/test_historic_timestamps.py::test_timestamp_preservation SKIPPED [  5%]
tests/integration/test_memory_type_storage_retrieval.py::test_storage_retrieval_by_memory_type_direct_upsert[episodic_event] PASSED [  5%]
tests/integration/test_memory_type_storage_retrieval.py::test_storage_retrieval_by_memory_type_direct_upsert[semantic_fact] PASSED [  6%]
tests/integration/test_memory_type_storage_retrieval.py::test_storage_retrieval_by_memory_type_direct_upsert[preference] PASSED [  6%]
tests/integration/test_memory_type_storage_retrieval.py::test_storage_retrieval_by_memory_type_direct_upsert[task_state] PASSED [  6%]
tests/integration/test_memory_type_storage_retrieval.py::test_storage_retrieval_by_memory_type_direct_upsert[procedure] PASSED [  6%]
tests/integration/test_memory_type_storage_retrieval.py::test_storage_retrieval_by_memory_type_direct_upsert[constraint] PASSED [  6%]
tests/integration/test_memory_type_storage_retrieval.py::test_storage_retrieval_by_memory_type_direct_upsert[hypothesis] PASSED [  6%]
tests/integration/test_memory_type_storage_retrieval.py::test_storage_retrieval_by_memory_type_direct_upsert[conversation] PASSED [  6%]
tests/integration/test_memory_type_storage_retrieval.py::test_storage_retrieval_by_memory_type_direct_upsert[message] PASSED [  7%]
tests/integration/test_memory_type_storage_retrieval.py::test_storage_retrieval_by_memory_type_direct_upsert[tool_result] PASSED [  7%]
tests/integration/test_memory_type_storage_retrieval.py::test_storage_retrieval_by_memory_type_direct_upsert[reasoning_step] PASSED [  7%]
tests/integration/test_memory_type_storage_retrieval.py::test_storage_retrieval_by_memory_type_direct_upsert[scratch] PASSED [  7%]
tests/integration/test_memory_type_storage_retrieval.py::test_storage_retrieval_by_memory_type_direct_upsert[knowledge] PASSED [  7%]
tests/integration/test_memory_type_storage_retrieval.py::test_storage_retrieval_by_memory_type_direct_upsert[observation] PASSED [  7%]
tests/integration/test_memory_type_storage_retrieval.py::test_storage_retrieval_by_memory_type_direct_upsert[plan] PASSED [  7%]
tests/integration/test_memory_type_storage_retrieval.py::test_scratch_pad_set_get PASSED [  7%]
tests/integration/test_memory_type_storage_retrieval.py::test_conversation_memory_add_get_history PASSED [  8%]
tests/integration/test_memory_type_storage_retrieval.py::test_tool_memory_store_get_results PASSED [  8%]
tests/integration/test_memory_type_storage_retrieval.py::test_knowledge_base_store_query FAILED [  8%]
tests/integration/test_memory_type_storage_retrieval.py::test_semantic_fact_via_neocortical_store_and_retrieve PASSED [  8%]
tests/integration/test_memory_type_storage_retrieval.py::test_historical_timestamp_preservation FAILED [  8%]
tests/integration/test_neocortical_store_flow.py::test_neocortical_store_fact_and_profile PASSED [  8%]
tests/integration/test_neocortical_store_flow.py::test_neocortical_text_search PASSED [  8%]
tests/integration/test_neocortical_store_flow.py::test_neocortical_store_fact_get_fact_text_search_flow PASSED [  9%]
tests/integration/test_neocortical_store_flow.py::test_store_relation_creates_graph_edge PASSED [  9%]
tests/integration/test_neocortical_store_flow.py::test_store_relations_batch_creates_multiple_edges PASSED [  9%]
tests/integration/test_neocortical_store_flow.py::test_store_fact_syncs_relation_like_key_to_graph PASSED [  9%]
tests/integration/test_neocortical_store_flow.py::test_store_fact_no_graph_sync_for_non_relation_key PASSED [  9%]
tests/integration/test_neocortical_store_flow.py::test_backfill_syncs_entities_and_relations_from_postgres PASSED [  9%]
tests/integration/test_reconsolidation_flow.py::test_reconsolidation_process_turn_no_memories PASSED [  9%]
tests/integration/test_reconsolidation_flow.py::test_reconsolidation_correction_flow PASSED [ 10%]
tests/integration/test_retrieval_flow.py::test_retrieve_returns_packet_with_facts FAILED [ 10%]
tests/integration/test_retrieval_flow.py::test_retrieve_for_llm_returns_string FAILED [ 10%]
tests/integration/test_retrieval_flow.py::test_retrieve_with_memory_types_filter_returns_only_allowed_types FAILED [ 10%]
tests/integration/test_retrieval_flow.py::test_retrieve_mixed_vector_and_facts_both_sources_contribute FAILED [ 10%]
tests/integration/test_retrieval_flow.py::test_retrieval_embedding_called_once FAILED [ 10%]
tests/integration/test_retrieval_flow.py::test_retrieval_validity_filtering FAILED [ 10%]
tests/integration/test_short_term_memory_flow.py::test_sensory_buffer_content_and_token_count PASSED [ 11%]
tests/integration/test_short_term_memory_flow.py::test_chunks_for_encoding_respect_min_salience PASSED [ 11%]
tests/integration/test_short_term_memory_flow.py::test_working_memory_chunk_types_and_salience PASSED [ 11%]
tests/integration/test_short_term_memory_flow.py::test_chunks_for_encoding_handoff_to_write_gate_preserves_fields PASSED [ 11%]
tests/integration/test_short_term_memory_flow.py::test_full_ingest_flow PASSED [ 11%]
tests/integration/test_storage_event_log_repository.py::test_event_log_append_and_get_by_id PASSED [ 11%]
tests/integration/test_storage_event_log_repository.py::test_event_log_get_user_events PASSED [ 11%]
tests/integration/test_storage_event_log_repository.py::test_event_log_replay_events PASSED [ 11%]
tests/integration/test_storage_event_log_repository.py::test_event_log_get_by_id_missing PASSED [ 12%]
tests/integration/test_unified_write_path.py::test_encode_batch_with_unified_extractor_uses_llm_results FAILED [ 12%]
tests/integration/test_unified_write_path.py::test_encode_batch_uses_llm_confidence_context_tags_decay_rate FAILED [ 12%]
tests/integration/test_unified_write_path.py::test_encode_batch_uses_llm_memory_type FAILED [ 12%]
tests/integration/test_unified_write_path.py::test_encode_batch_fallback_when_llm_memory_type_disabled FAILED [ 12%]
tests/unit/test_api_auth_schemas.py::TestAuthConfig::test_build_api_keys_empty_when_no_config PASSED [ 12%]
tests/unit/test_api_auth_schemas.py::TestAuthConfig::test_build_api_keys_from_config PASSED [ 12%]
tests/unit/test_api_auth_schemas.py::TestSchemas::test_write_memory_request PASSED [ 13%]
tests/unit/test_api_auth_schemas.py::TestSchemas::test_read_memory_request_defaults PASSED [ 13%]
tests/unit/test_api_auth_schemas.py::TestSchemas::test_read_memory_request_user_timezone PASSED [ 13%]
tests/unit/test_api_auth_schemas.py::TestAuthContextPermissions::test_require_write_permission_returns_403_when_can_write_false PASSED [ 13%]
tests/unit/test_api_auth_schemas.py::TestAuthContextPermissions::test_require_admin_permission_returns_403_when_can_admin_false PASSED [ 13%]
tests/unit/test_api_request_logging_rate_limit.py::test_request_logging_middleware_sets_headers PASSED [ 13%]
tests/unit/test_api_request_logging_rate_limit.py::test_rate_limit_middleware_in_memory_allows_under_limit PASSED [ 13%]
tests/unit/test_api_request_logging_rate_limit.py::test_rate_limit_middleware_in_memory_returns_429_when_exceeded PASSED [ 14%]
tests/unit/test_api_request_logging_rate_limit.py::test_rate_limit_middleware_isolates_by_tenant PASSED [ 14%]
tests/unit/test_api_routes.py::TestHealthEndpoint::test_health_returns_200 PASSED [ 14%]
tests/unit/test_api_routes.py::TestHealthEndpoint::test_health_returns_healthy_status PASSED [ 14%]
tests/unit/test_api_routes.py::TestAuthMiddleware::test_missing_api_key_returns_401 PASSED [ 14%]
tests/unit/test_api_routes.py::TestAuthMiddleware::test_invalid_api_key_returns_401 PASSED [ 14%]
tests/unit/test_api_routes.py::TestAPISchemas::test_write_memory_request_validation PASSED [ 14%]
tests/unit/test_api_routes.py::TestAPISchemas::test_write_memory_request_with_all_fields PASSED [ 14%]
tests/unit/test_api_routes.py::TestAPISchemas::test_read_memory_request_defaults PASSED [ 15%]
tests/unit/test_api_routes.py::TestAPISchemas::test_read_memory_request_custom_values PASSED [ 15%]
tests/unit/test_api_routes.py::TestAPISchemas::test_read_memory_request_accepts_user_timezone PASSED [ 15%]
tests/unit/test_api_routes.py::TestAPISchemas::test_forget_request_defaults PASSED [ 15%]
tests/unit/test_api_routes.py::TestAPISchemas::test_update_memory_request_validation PASSED [ 15%]
tests/unit/test_api_routes.py::TestAPISchemas::test_process_turn_request_structure PASSED [ 15%]
tests/unit/test_api_routes.py::TestAPISchemas::test_process_turn_request_accepts_user_timezone PASSED [ 15%]
tests/unit/test_api_routes.py::TestAPISchemas::test_create_session_request_defaults PASSED [ 16%]
tests/unit/test_api_routes.py::TestMemoryItem::test_memory_item_structure PASSED [ 16%]
tests/unit/test_api_routes.py::TestResponseSchemas::test_write_memory_response PASSED [ 16%]
tests/unit/test_api_routes.py::TestResponseSchemas::test_write_memory_response_eval_mode PASSED [ 16%]
tests/unit/test_api_routes.py::TestResponseSchemas::test_read_memory_response PASSED [ 16%]
tests/unit/test_api_routes.py::TestResponseSchemas::test_forget_response PASSED [ 16%]
tests/unit/test_celery_forgetting_task.py::TestCeleryForgettingTask::test_task_registered PASSED [ 16%]
tests/unit/test_celery_forgetting_task.py::TestCeleryForgettingTask::test_task_has_correct_name PASSED [ 17%]
tests/unit/test_celery_forgetting_task.py::TestCeleryForgettingTask::test_beat_schedule_includes_forgetting PASSED [ 17%]
tests/unit/test_chunk_type_from_memory_type.py::test_preference_memory_type_uses_chunk_type_preference_for_importance PASSED [ 17%]
tests/unit/test_chunk_type_from_memory_type.py::test_constraint_memory_type_uses_chunk_type_constraint PASSED [ 17%]
tests/unit/test_chunk_type_from_memory_type.py::test_unknown_memory_type_falls_back_to_statement PASSED [ 17%]
tests/unit/test_chunker_semchunk.py::TestSemchunkChunker::test_chunk_empty_text_returns_empty_list PASSED [ 17%]
tests/unit/test_chunker_semchunk.py::TestSemchunkChunker::test_chunk_maps_strings_to_semantic_chunks PASSED [ 17%]
tests/unit/test_chunker_semchunk.py::TestSemchunkChunker::test_chunk_single_word_fallback PASSED [ 18%]
tests/unit/test_consolidation_migrator_sampler.py::TestConsolidationMigrator::test_migrate_returns_migration_result PASSED [ 18%]
tests/unit/test_consolidation_migrator_sampler.py::TestConsolidationMigrator::test_migrate_updates_existing_fact_when_can_integrate_rapidly PASSED [ 18%]
tests/unit/test_consolidation_migrator_sampler.py::TestEpisodeSampler::test_sample_returns_records_up_to_max PASSED [ 18%]
tests/unit/test_consolidation_migrator_sampler.py::TestEpisodeSampler::test_sample_respects_min_importance_and_confidence PASSED [ 18%]
tests/unit/test_consolidation_migrator_sampler.py::TestEpisodeSampler::test_sample_excludes_consolidated_when_requested PASSED [ 18%]
tests/unit/test_consolidation_triggers_clusterer_sampler.py::TestConsolidationScheduler::test_trigger_manual_and_get_next_task PASSED [ 18%]
tests/unit/test_consolidation_triggers_clusterer_sampler.py::TestConsolidationScheduler::test_check_triggers_quota PASSED [ 18%]
tests/unit/test_consolidation_triggers_clusterer_sampler.py::TestConsolidationScheduler::test_check_triggers_scheduled_first_run PASSED [ 19%]
tests/unit/test_consolidation_triggers_clusterer_sampler.py::TestConsolidationScheduler::test_get_next_task_timeout_returns_none PASSED [ 19%]
tests/unit/test_consolidation_triggers_clusterer_sampler.py::TestSemanticClusterer::test_cluster_empty_returns_empty PASSED [ 19%]
tests/unit/test_consolidation_triggers_clusterer_sampler.py::TestSemanticClusterer::test_cluster_single_episode_no_embedding PASSED [ 19%]
tests/unit/test_consolidation_triggers_clusterer_sampler.py::TestSemanticClusterer::test_cluster_two_similar_embeddings PASSED [ 19%]
tests/unit/test_consolidation_triggers_clusterer_sampler.py::TestSemanticClusterer::test_cluster_common_entities_and_dominant_type PASSED [ 19%]
tests/unit/test_consolidation_triggers_clusterer_sampler.py::TestGistExtractorConstraintValidation::test_policy_gist_preserving_signal_word_accepted PASSED [ 19%]
tests/unit/test_consolidation_triggers_clusterer_sampler.py::TestGistExtractorConstraintValidation::test_policy_gist_losing_signal_word_filtered PASSED [ 20%]
tests/unit/test_consolidation_triggers_clusterer_sampler.py::TestGistExtractorConstraintValidation::test_causal_gist_preserves_signal_word_accepted PASSED [ 20%]
tests/unit/test_consolidation_triggers_clusterer_sampler.py::TestGistExtractorConstraintValidation::test_causal_gist_losing_signal_word_filtered PASSED [ 20%]
tests/unit/test_constraint_layer.py::TestChunkTypeConstraint::test_constraint_enum_exists PASSED [ 20%]
tests/unit/test_constraint_layer.py::TestChunkTypeConstraint::test_constraint_distinct_from_other_types PASSED [ 20%]
tests/unit/test_constraint_layer.py::TestConstraintExtractor::test_constraint_extractor_extracts_goal PASSED [ 20%]
tests/unit/test_constraint_layer.py::TestConstraintExtractor::test_constraint_extractor_extracts_value PASSED [ 20%]
tests/unit/test_constraint_layer.py::TestConstraintExtractor::test_constraint_extractor_extracts_state PASSED [ 21%]
tests/unit/test_constraint_layer.py::TestConstraintExtractor::test_constraint_extractor_extracts_causal PASSED [ 21%]
tests/unit/test_constraint_layer.py::TestConstraintExtractor::test_constraint_extractor_extracts_policy PASSED [ 21%]
tests/unit/test_constraint_layer.py::TestConstraintExtractor::test_no_constraint_for_plain_text PASSED [ 21%]
tests/unit/test_constraint_layer.py::TestConstraintExtractor::test_empty_text_returns_empty PASSED [ 21%]
tests/unit/test_constraint_layer.py::TestConstraintExtractor::test_confidence_includes_base PASSED [ 21%]
tests/unit/test_constraint_layer.py::TestConstraintExtractor::test_confidence_capped_at_1 PASSED [ 21%]
tests/unit/test_constraint_layer.py::TestConstraintExtractor::test_subject_defaults_to_user PASSED [ 22%]
tests/unit/test_constraint_layer.py::TestConstraintExtractor::test_subject_extracted_from_speaker_prefix PASSED [ 22%]
tests/unit/test_constraint_layer.py::TestConstraintExtractor::test_provenance_from_turn_id PASSED [ 22%]
tests/unit/test_constraint_layer.py::TestConstraintExtractor::test_scope_from_entities PASSED [ 22%]
tests/unit/test_constraint_layer.py::TestConstraintExtractorBatch::test_extract_batch_multiple_chunks PASSED [ 22%]
tests/unit/test_constraint_layer.py::TestConstraintExtractorBatch::test_extract_batch_empty_list PASSED [ 22%]
tests/unit/test_constraint_layer.py::TestConstraintObjectSerialization::test_to_dict_basic PASSED [ 22%]
tests/unit/test_constraint_layer.py::TestConstraintObjectSerialization::test_to_dict_datetime_serialised PASSED [ 22%]
tests/unit/test_constraint_layer.py::TestConstraintSupersession::test_same_type_same_scope_supersedes PASSED [ 23%]
tests/unit/test_constraint_layer.py::TestConstraintSupersession::test_different_type_does_not_supersede PASSED [ 23%]
tests/unit/test_constraint_layer.py::TestConstraintSupersession::test_same_type_no_scope_overlap_does_not_supersede PASSED [ 23%]
tests/unit/test_constraint_layer.py::TestConstraintSupersession::test_both_unscoped_same_type_supersedes PASSED [ 23%]
tests/unit/test_constraint_layer.py::TestConstraintSupersession::test_inactive_old_does_not_supersede PASSED [ 23%]
tests/unit/test_constraint_layer.py::TestConstraintFactKey::test_constraint_fact_key_deterministic PASSED [ 23%]
tests/unit/test_constraint_layer.py::TestConstraintFactKey::test_constraint_fact_key_format PASSED [ 23%]
tests/unit/test_constraint_layer.py::TestConstraintFactKey::test_different_scope_different_key PASSED [ 24%]
tests/unit/test_constraint_layer.py::TestConstraintFactKey::test_unscoped_uses_general PASSED [ 24%]
tests/unit/test_constraint_layer.py::TestWriteGateConstraint::test_constraint_chunk_is_stored PASSED [ 24%]
tests/unit/test_constraint_layer.py::TestWriteGateConstraint::test_constraint_chunk_gets_importance_boost PASSED [ 24%]
tests/unit/test_constraint_layer.py::TestFactCategoryCognitive::test_fact_category_goal_value PASSED [ 24%]
tests/unit/test_constraint_layer.py::TestFactCategoryCognitive::test_fact_category_state_value PASSED [ 24%]
tests/unit/test_constraint_layer.py::TestFactCategoryCognitive::test_fact_category_value_value PASSED [ 24%]
tests/unit/test_constraint_layer.py::TestFactCategoryCognitive::test_fact_category_causal_value PASSED [ 25%]
tests/unit/test_constraint_layer.py::TestFactCategoryCognitive::test_fact_category_policy_value PASSED [ 25%]
tests/unit/test_constraint_layer.py::TestCognitiveFactSchemas::test_goal_schema_present PASSED [ 25%]
tests/unit/test_constraint_layer.py::TestCognitiveFactSchemas::test_value_schema_present PASSED [ 25%]
tests/unit/test_constraint_layer.py::TestCognitiveFactSchemas::test_state_schema_present PASSED [ 25%]
tests/unit/test_constraint_layer.py::TestCognitiveFactSchemas::test_causal_schema_present PASSED [ 25%]
tests/unit/test_constraint_layer.py::TestCognitiveFactSchemas::test_policy_schema_present PASSED [ 25%]
tests/unit/test_constraint_layer.py::TestSchemaManagerCognitive::test_goal_wildcard_resolves PASSED [ 25%]
tests/unit/test_constraint_layer.py::TestSchemaManagerCognitive::test_policy_wildcard_resolves PASSED [ 26%]
tests/unit/test_constraint_layer.py::TestSchemaManagerCognitive::test_value_wildcard_resolves PASSED [ 26%]
tests/unit/test_constraint_layer.py::TestQueryClassifierConstraintCheck::test_should_i_triggers_constraint_check PASSED [ 26%]
tests/unit/test_constraint_layer.py::TestQueryClassifierConstraintCheck::test_can_i_triggers_constraint_check PASSED [ 26%]
tests/unit/test_constraint_layer.py::TestQueryClassifierConstraintCheck::test_is_it_ok_triggers_constraint_check PASSED [ 26%]
tests/unit/test_constraint_layer.py::TestQueryClassifierConstraintCheck::test_recommend_triggers_constraint_check PASSED [ 26%]
tests/unit/test_constraint_layer.py::TestQueryClassifierConstraintCheck::test_decision_query_enriches_dimensions PASSED [ 26%]
tests/unit/test_constraint_layer.py::TestQueryClassifierConstraintCheck::test_non_decision_query_not_flagged PASSED [ 27%]
tests/unit/test_constraint_layer.py::TestQueryAnalysisConstraintFields::test_default_constraint_dimensions_empty PASSED [ 27%]
tests/unit/test_constraint_layer.py::TestQueryAnalysisConstraintFields::test_constraint_dimensions_set PASSED [ 27%]
tests/unit/test_constraint_layer.py::TestRetrievalPlannerConstraints::test_constraint_check_produces_constraints_step PASSED [ 27%]
tests/unit/test_constraint_layer.py::TestRetrievalPlannerConstraints::test_decision_query_produces_constraints_step PASSED [ 27%]
tests/unit/test_constraint_layer.py::TestRetrievalPlannerConstraints::test_general_question_has_constraints_step PASSED [ 27%]
tests/unit/test_constraint_layer.py::TestRetrievalPlannerConstraints::test_constraints_source_enum_value PASSED [ 27%]
tests/unit/test_constraint_layer.py::TestRetrievalPlannerConstraints::test_can_i_afford_dinner_plan_contains_constraints_step PASSED [ 28%]
tests/unit/test_constraint_layer.py::TestRerankerConstraintWeights::test_constraint_type_lower_recency_weight PASSED [ 28%]
tests/unit/test_constraint_layer.py::TestRerankerConstraintWeights::test_goal_constraint_semi_stable_weight PASSED [ 28%]
tests/unit/test_constraint_layer.py::TestRerankerConstraintWeights::test_episodic_event_default_recency_weight PASSED [ 28%]
tests/unit/test_constraint_layer.py::TestRerankerConstraintWeights::test_constraint_reranked_above_old_episode PASSED [ 28%]
tests/unit/test_constraint_layer.py::TestRerankerConstraintWeights::test_value_constraint_recency_weight_zero PASSED [ 28%]
tests/unit/test_constraint_layer.py::TestRerankerConstraintWeights::test_state_constraint_semi_stable_weight PASSED [ 28%]
tests/unit/test_constraint_layer.py::TestRerankerConstraintWeights::test_stable_constraint_not_outranked_by_recency PASSED [ 29%]
tests/unit/test_constraint_layer.py::TestRerankerConstraintWeights::test_rerank_stable_constraint_beats_newer_episode PASSED [ 29%]
tests/unit/test_constraint_layer.py::TestPacketBuilderConstraints::test_constraint_categorised_in_packet PASSED [ 29%]
tests/unit/test_constraint_layer.py::TestPacketBuilderConstraints::test_constraint_in_llm_context_markdown PASSED [ 29%]
tests/unit/test_constraint_layer.py::TestPacketBuilderConstraints::test_constraint_provenance_in_markdown PASSED [ 29%]
tests/unit/test_constraint_layer.py::TestPacketBuilderConstraints::test_markdown_starts_with_active_constraints_and_filters_low_relevance_episodes PASSED [ 29%]
tests/unit/test_constraint_layer.py::TestPacketBuilderConstraints::test_constraint_token_budget_constraints_not_truncated PASSED [ 29%]
tests/unit/test_constraint_layer.py::TestPacketBuilderConstraints::test_markdown_section_order_constraints_first PASSED [ 29%]
tests/unit/test_constraint_layer.py::TestPacketBuilderConstraints::test_tight_token_budget_truncates_facts_not_constraints PASSED [ 30%]
tests/unit/test_constraint_layer.py::TestConsolidationSamplerConstraint::test_constraint_time_window_is_90_days PASSED [ 30%]
tests/unit/test_constraint_layer.py::TestSchemaAlignerCognitiveTypes::test_cognitive_type_map_complete PASSED [ 30%]
tests/unit/test_constraint_layer.py::TestSchemaAlignerCognitiveTypes::test_cognitive_type_map_values PASSED [ 30%]
tests/unit/test_constraint_layer.py::TestExtractionExports::test_constraint_extractor_importable PASSED [ 30%]
tests/unit/test_constraint_layer.py::TestExtractionExports::test_constraint_object_importable PASSED [ 30%]
tests/unit/test_core_enums_schemas_config.py::TestEnums::test_memory_type_values PASSED [ 30%]
tests/unit/test_core_enums_schemas_config.py::TestEnums::test_memory_context_values PASSED [ 31%]
tests/unit/test_core_enums_schemas_config.py::TestEnums::test_memory_type_general_purpose PASSED [ 31%]
tests/unit/test_core_enums_schemas_config.py::TestEnums::test_memory_status_values PASSED [ 31%]
tests/unit/test_core_enums_schemas_config.py::TestEnums::test_memory_source_values PASSED [ 31%]
tests/unit/test_core_enums_schemas_config.py::TestEnums::test_operation_type_values PASSED [ 31%]
tests/unit/test_core_enums_schemas_config.py::TestProvenance::test_provenance_minimal PASSED [ 31%]
tests/unit/test_core_enums_schemas_config.py::TestProvenance::test_provenance_with_refs PASSED [ 31%]
tests/unit/test_core_enums_schemas_config.py::TestMemoryRecordSchema::test_memory_record_create_roundtrip PASSED [ 32%]
tests/unit/test_core_enums_schemas_config.py::TestMemoryRecordSchema::test_memory_record_has_defaults PASSED [ 32%]
tests/unit/test_core_enums_schemas_config.py::TestEventLogSchema::test_event_log_minimal PASSED [ 32%]
tests/unit/test_core_enums_schemas_config.py::TestEventLogSchema::test_event_log_with_operation PASSED [ 32%]
tests/unit/test_core_enums_schemas_config.py::TestMemoryPacket::test_memory_packet_all_memories PASSED [ 32%]
tests/unit/test_core_enums_schemas_config.py::TestMemoryPacket::test_memory_packet_to_context_string PASSED [ 32%]
tests/unit/test_core_enums_schemas_config.py::TestConfig::test_get_settings_returns_settings PASSED [ 32%]
tests/unit/test_core_enums_schemas_config.py::TestConfig::test_get_settings_cached PASSED [ 33%]
tests/unit/test_core_enums_schemas_config.py::TestConfig::test_nested_settings_defaults FAILED [ 33%]
tests/unit/test_core_exceptions.py::TestExceptionHierarchy::test_storage_error_inherits_from_cognitive_memory_error PASSED [ 33%]
tests/unit/test_core_exceptions.py::TestExceptionHierarchy::test_storage_connection_error_inherits_from_storage_error PASSED [ 33%]
tests/unit/test_core_exceptions.py::TestExceptionHierarchy::test_memory_not_found_inherits_from_cognitive_memory_error PASSED [ 33%]
tests/unit/test_core_exceptions.py::TestExceptionHierarchy::test_duplicate_memory_inherits_from_cognitive_memory_error PASSED [ 33%]
tests/unit/test_core_exceptions.py::TestExceptionHierarchy::test_memory_access_denied_inherits_from_cognitive_memory_error PASSED [ 33%]
tests/unit/test_core_exceptions.py::TestExceptionHierarchy::test_validation_error_inherits_from_cognitive_memory_error PASSED [ 33%]
tests/unit/test_core_exceptions.py::TestExceptionHierarchy::test_configuration_error_inherits_from_cognitive_memory_error PASSED [ 34%]
tests/unit/test_core_exceptions.py::TestExceptionHierarchy::test_embedding_error_inherits_from_cognitive_memory_error PASSED [ 34%]
tests/unit/test_core_exceptions.py::TestExceptionHierarchy::test_extraction_error_inherits_from_cognitive_memory_error PASSED [ 34%]
tests/unit/test_core_exceptions.py::TestExceptionHierarchy::test_consolidation_error_inherits_from_cognitive_memory_error PASSED [ 34%]
tests/unit/test_core_exceptions.py::TestExceptionHierarchy::test_forgetting_error_inherits_from_cognitive_memory_error PASSED [ 34%]
tests/unit/test_core_exceptions.py::TestExceptionHierarchy::test_reconsolidation_error_inherits_from_cognitive_memory_error PASSED [ 34%]
tests/unit/test_core_exceptions.py::TestMemoryNotFoundError::test_message_without_memory_id PASSED [ 34%]
tests/unit/test_core_exceptions.py::TestMemoryNotFoundError::test_message_with_custom_message_only PASSED [ 35%]
tests/unit/test_core_exceptions.py::TestMemoryNotFoundError::test_message_with_memory_id PASSED [ 35%]
tests/unit/test_core_exceptions.py::TestMemoryNotFoundError::test_message_with_memory_id_and_custom_message PASSED [ 35%]
tests/unit/test_core_exceptions.py::TestExceptionRaising::test_catch_as_cognitive_memory_error PASSED [ 35%]
tests/unit/test_core_exceptions.py::TestExceptionRaising::test_storage_connection_error_attributes PASSED [ 35%]
tests/unit/test_dashboard_routes.py::TestDashboardAuth::test_overview_without_api_key_returns_401 PASSED [ 35%]
tests/unit/test_dashboard_routes.py::TestDashboardAuth::test_overview_with_user_key_returns_403 PASSED [ 35%]
tests/unit/test_dashboard_routes.py::TestDashboardAuth::test_memories_with_user_key_returns_403 PASSED [ 36%]
tests/unit/test_dashboard_routes.py::TestDashboardAuth::test_events_with_user_key_returns_403 PASSED [ 36%]
tests/unit/test_dashboard_routes.py::TestDashboardAuth::test_timeline_with_user_key_returns_403 PASSED [ 36%]
tests/unit/test_dashboard_routes.py::TestDashboardAuth::test_components_with_user_key_returns_403 PASSED [ 36%]
tests/unit/test_dashboard_routes.py::TestDashboardAuth::test_tenants_with_user_key_returns_403 PASSED [ 36%]
tests/unit/test_dashboard_routes.py::TestDashboardAuth::test_consolidate_with_user_key_returns_403 PASSED [ 36%]
tests/unit/test_dashboard_routes.py::TestDashboardAuth::test_forget_with_user_key_returns_403 PASSED [ 36%]
tests/unit/test_dashboard_routes.py::TestDashboardAuth::test_reconsolidate_with_user_key_returns_403 PASSED [ 37%]
tests/unit/test_dashboard_routes.py::TestDashboardAuth::test_database_reset_with_user_key_returns_403 PASSED [ 37%]
tests/unit/test_dashboard_routes.py::TestDashboardWithAdminAndMockDb::test_overview_returns_200_and_shape PASSED [ 37%]
tests/unit/test_dashboard_routes.py::TestDashboardWithAdminAndMockDb::test_memories_returns_200_and_pagination_shape PASSED [ 37%]
tests/unit/test_dashboard_routes.py::TestDashboardWithAdminAndMockDb::test_events_returns_200_and_pagination_shape PASSED [ 37%]
tests/unit/test_dashboard_routes.py::TestDashboardWithAdminAndMockDb::test_timeline_returns_200_and_shape PASSED [ 37%]
tests/unit/test_dashboard_routes.py::TestDashboardWithAdminAndMockDb::test_tenants_returns_200_and_shape PASSED [ 37%]
tests/unit/test_dashboard_routes.py::TestDashboardWithAdminAndMockDb::test_components_returns_200_and_shape PASSED [ 37%]
tests/unit/test_dashboard_routes.py::TestDashboardWithAdminAndMockDb::test_reconsolidate_returns_200_and_shape PASSED [ 38%]
tests/unit/test_dashboard_routes.py::TestDashboardSchemas::test_dashboard_consolidate_request PASSED [ 38%]
tests/unit/test_dashboard_routes.py::TestDashboardSchemas::test_dashboard_forget_request PASSED [ 38%]
tests/unit/test_dashboard_routes.py::TestDashboardSchemas::test_dashboard_reconsolidate_request PASSED [ 38%]
tests/unit/test_deep_research_improvements.py::TestStableFactKey::test_stable_fact_key_deterministic PASSED [ 38%]
tests/unit/test_deep_research_improvements.py::TestStableFactKey::test_different_inputs_produce_different_keys PASSED [ 38%]
tests/unit/test_deep_research_improvements.py::TestStableFactKey::test_format_matches_prefix PASSED [ 38%]
tests/unit/test_deep_research_improvements.py::TestStableFactKey::test_no_python_hash_dependency PASSED [ 39%]
tests/unit/test_deep_research_improvements.py::TestHippocampalKeyGeneration::test_distinct_facts_with_same_entity_get_different_keys PASSED [ 39%]
tests/unit/test_deep_research_improvements.py::TestHippocampalKeyGeneration::test_same_fact_gets_same_key PASSED [ 39%]
tests/unit/test_deep_research_improvements.py::TestHippocampalKeyGeneration::test_episodic_events_get_no_key PASSED [ 39%]
tests/unit/test_deep_research_improvements.py::TestHippocampalKeyGeneration::test_key_includes_entity_prefix PASSED [ 39%]
tests/unit/test_deep_research_improvements.py::TestHippocampalKeyGeneration::test_key_without_entities_still_generates_hash PASSED [ 39%]
tests/unit/test_deep_research_improvements.py::TestWriteTimeFactExtractor::test_extracts_preference_from_preference_chunk PASSED [ 39%]
tests/unit/test_deep_research_improvements.py::TestWriteTimeFactExtractor::test_extracts_name_identity PASSED [ 40%]
tests/unit/test_deep_research_improvements.py::TestWriteTimeFactExtractor::test_extracts_location PASSED [ 40%]
tests/unit/test_deep_research_improvements.py::TestWriteTimeFactExtractor::test_ignores_non_fact_chunks PASSED [ 40%]
tests/unit/test_deep_research_improvements.py::TestWriteTimeFactExtractor::test_ignores_statements PASSED [ 40%]
tests/unit/test_deep_research_improvements.py::TestWriteTimeFactExtractor::test_confidence_below_consolidation_level PASSED [ 40%]
tests/unit/test_deep_research_improvements.py::TestDerivePredicateFunction::test_known_cuisine_keyword PASSED [ 40%]
tests/unit/test_deep_research_improvements.py::TestDerivePredicateFunction::test_known_music_keyword PASSED [ 40%]
tests/unit/test_deep_research_improvements.py::TestDerivePredicateFunction::test_unknown_falls_back_to_hash PASSED [ 40%]
tests/unit/test_deep_research_improvements.py::TestDerivePredicateFunction::test_derive_predicate_deterministic PASSED [ 41%]
tests/unit/test_deep_research_improvements.py::TestBatchEmbeddings::test_encode_batch_calls_embed_batch_once PASSED [ 41%]
tests/unit/test_deep_research_improvements.py::TestBatchEmbeddings::test_search_calls_increment_access_counts_once_with_result_ids PASSED [ 41%]
tests/unit/test_deep_research_improvements.py::TestAsyncStoragePipeline::test_enqueue_returns_job_id PASSED [ 41%]
tests/unit/test_deep_research_improvements.py::TestAsyncStoragePipeline::test_enqueue_dedup_skips_duplicate PASSED [ 41%]
tests/unit/test_deep_research_improvements.py::TestRetrievalTimeouts::test_step_timeout_returns_empty_result PASSED [ 41%]
tests/unit/test_deep_research_improvements.py::TestTimezoneAwareTemporalQueries::test_today_uses_user_timezone PASSED [ 41%]
tests/unit/test_deep_research_improvements.py::TestTimezoneAwareTemporalQueries::test_yesterday_filter_without_timezone PASSED [ 42%]
tests/unit/test_deep_research_improvements.py::TestTimezoneAwareTemporalQueries::test_memory_retriever_passes_user_timezone_to_planner PASSED [ 42%]
tests/unit/test_deep_research_improvements.py::TestSensoryBufferTokenStorage::test_ingest_returns_token_count PASSED [ 42%]
tests/unit/test_deep_research_improvements.py::TestSensoryBufferTokenStorage::test_tokens_stored_as_ints PASSED [ 42%]
tests/unit/test_deep_research_improvements.py::TestSensoryBufferTokenStorage::test_get_text_returns_decoded_string PASSED [ 42%]
tests/unit/test_deep_research_improvements.py::TestBoundedStateMap::test_get_returns_none_for_missing PASSED [ 42%]
tests/unit/test_deep_research_improvements.py::TestBoundedStateMap::test_get_or_create_creates_and_returns PASSED [ 42%]
tests/unit/test_deep_research_improvements.py::TestBoundedStateMap::test_lru_eviction PASSED [ 43%]
tests/unit/test_deep_research_improvements.py::TestBoundedStateMap::test_ttl_expiry PASSED [ 43%]
tests/unit/test_deep_research_improvements.py::TestBoundedStateMap::test_delete PASSED [ 43%]
tests/unit/test_deep_research_improvements.py::TestBoundedStateMap::test_cleanup_expired PASSED [ 43%]
tests/unit/test_deep_research_improvements.py::TestFeatureFlags::test_defaults_are_true PASSED [ 43%]
tests/unit/test_deep_research_improvements.py::TestFeatureFlags::test_store_async_defaults_false PASSED [ 43%]
tests/unit/test_deep_research_improvements.py::TestFeatureFlags::test_retrieval_settings_defaults PASSED [ 43%]
tests/unit/test_deep_research_improvements.py::TestFeatureFlags::test_settings_include_features PASSED [ 44%]
tests/unit/test_deep_research_improvements.py::TestNeo4jGetEntityFactsBatch::test_empty_entity_names_returns_empty_dict PASSED [ 44%]
tests/unit/test_deep_research_improvements.py::TestNeo4jGetEntityFactsBatch::test_groups_records_by_entity_name PASSED [ 44%]
tests/unit/test_deep_research_improvements.py::TestNeo4jGetEntityFactsBatch::test_missing_entity_not_in_result PASSED [ 44%]
tests/unit/test_deep_research_improvements.py::TestSemanticFactStoreSearchFactsBatch::test_empty_entity_names_returns_empty_dict PASSED [ 44%]
tests/unit/test_deep_research_improvements.py::TestSemanticFactStoreSearchFactsBatch::test_groups_by_subject_and_caps_per_entity PASSED [ 44%]
tests/unit/test_deep_research_improvements.py::TestMultiHopQueryBatch::test_uses_batch_apis_and_returns_correct_shape PASSED [ 44%]
tests/unit/test_deep_research_improvements.py::TestMultiHopQueryBatch::test_empty_ppr_returns_empty_list PASSED [ 44%]
tests/unit/test_deep_research_improvements.py::TestMultiHopQueryBatch::test_works_with_noop_stores PASSED [ 45%]
tests/unit/test_embeddings_mock_client.py::test_mock_embedding_dimensions PASSED [ 45%]
tests/unit/test_embeddings_mock_client.py::test_mock_embed_deterministic PASSED [ 45%]
tests/unit/test_embeddings_mock_client.py::test_mock_embed_batch PASSED  [ 45%]
tests/unit/test_extraction_entity_relation_fact.py::TestEntityExtractor::test_extract_returns_entity_mentions PASSED [ 45%]
tests/unit/test_extraction_entity_relation_fact.py::TestEntityExtractor::test_extract_strips_markdown_fences PASSED [ 45%]
tests/unit/test_extraction_entity_relation_fact.py::TestEntityExtractor::test_entity_extractor_returns_empty_on_invalid_json PASSED [ 45%]
tests/unit/test_extraction_entity_relation_fact.py::TestEntityExtractor::test_extract_includes_context_in_prompt_when_provided PASSED [ 46%]
tests/unit/test_extraction_entity_relation_fact.py::TestRelationExtractor::test_extract_returns_relations PASSED [ 46%]
tests/unit/test_extraction_entity_relation_fact.py::TestRelationExtractor::test_extract_normalizes_predicate_to_snake_case PASSED [ 46%]
tests/unit/test_extraction_entity_relation_fact.py::TestRelationExtractor::test_relation_extractor_returns_empty_on_invalid_json PASSED [ 46%]
tests/unit/test_extraction_entity_relation_fact.py::TestRelationExtractor::test_extract_batch_returns_list_of_relation_lists PASSED [ 46%]
tests/unit/test_extraction_entity_relation_fact.py::TestRelationExtractor::test_extract_batch_empty_list PASSED [ 46%]
tests/unit/test_extraction_entity_relation_fact.py::TestFactExtractor::test_base_extract_returns_empty PASSED [ 46%]
tests/unit/test_extraction_entity_relation_fact.py::TestLLMFactExtractor::test_extract_returns_extracted_facts PASSED [ 47%]
tests/unit/test_extraction_entity_relation_fact.py::TestLLMFactExtractor::test_extract_returns_empty_for_empty_text PASSED [ 47%]
tests/unit/test_extraction_entity_relation_fact.py::TestLLMFactExtractor::test_llm_fact_extractor_returns_empty_on_invalid_json PASSED [ 47%]
tests/unit/test_forgetting_executor.py::TestForgettingExecutor::test_execute_keep_increments_kept_only PASSED [ 47%]
tests/unit/test_forgetting_executor.py::TestForgettingExecutor::test_execute_dry_run_counts_no_writes PASSED [ 47%]
tests/unit/test_forgetting_executor.py::TestForgettingExecutor::test_execute_decay_updates_confidence PASSED [ 47%]
tests/unit/test_forgetting_executor.py::TestForgettingExecutor::test_execute_silence_updates_status PASSED [ 47%]
tests/unit/test_forgetting_executor.py::TestForgettingExecutor::test_execute_delete_skips_when_references_exist PASSED [ 48%]
tests/unit/test_forgetting_executor.py::TestForgettingExecutor::test_execute_delete_calls_delete_when_no_references PASSED [ 48%]
tests/unit/test_forgetting_scorer_policy_interference.py::TestRelevanceWeights::test_validate_ok PASSED [ 48%]
tests/unit/test_forgetting_scorer_policy_interference.py::TestRelevanceWeights::test_validate_fails_when_not_sum_to_one PASSED [ 48%]
tests/unit/test_forgetting_scorer_policy_interference.py::TestRelevanceScorer::test_score_high_importance_suggests_keep PASSED [ 48%]
tests/unit/test_forgetting_scorer_policy_interference.py::TestRelevanceScorer::test_score_constraint_always_keep PASSED [ 48%]
tests/unit/test_forgetting_scorer_policy_interference.py::TestRelevanceScorer::test_score_low_suggests_decay_or_below PASSED [ 48%]
tests/unit/test_forgetting_scorer_policy_interference.py::TestRelevanceScorer::test_score_batch PASSED [ 48%]
tests/unit/test_forgetting_scorer_policy_interference.py::TestRelevanceScorer::test_score_batch_with_dependency_counts PASSED [ 49%]
tests/unit/test_forgetting_scorer_policy_interference.py::TestForgettingPolicyEngine::test_plan_operations_skips_keep PASSED [ 49%]
tests/unit/test_forgetting_scorer_policy_interference.py::TestForgettingPolicyEngine::test_plan_operations_decay_has_new_confidence PASSED [ 49%]
tests/unit/test_forgetting_scorer_policy_interference.py::TestForgettingPolicyEngine::test_plan_operations_respects_max_operations PASSED [ 49%]
tests/unit/test_forgetting_scorer_policy_interference.py::TestForgettingPolicyEngine::test_create_compression_truncates PASSED [ 49%]
tests/unit/test_forgetting_scorer_policy_interference.py::TestInterferenceDetector::test_detect_overlapping_same_text PASSED [ 49%]
tests/unit/test_forgetting_scorer_policy_interference.py::TestInterferenceDetector::test_detect_duplicates_identical_embedding PASSED [ 49%]
tests/unit/test_forgetting_scorer_policy_interference.py::TestInterferenceDetector::test_detect_duplicates_no_embedding_skipped PASSED [ 50%]
tests/unit/test_forgetting_scorer_policy_interference.py::TestCompression::test_summarize_for_compression_short_text_unchanged PASSED [ 50%]
tests/unit/test_forgetting_scorer_policy_interference.py::TestCompression::test_summarize_for_compression_truncate_without_llm PASSED [ 50%]
tests/unit/test_forgetting_scorer_policy_interference.py::TestCompression::test_summarize_for_compression_uses_llm_when_provided PASSED [ 50%]
tests/unit/test_hippocampal_write_gate_redactor.py::TestWriteGate::test_skip_low_importance PASSED [ 50%]
tests/unit/test_hippocampal_write_gate_redactor.py::TestWriteGate::test_store_sync_high_importance PASSED [ 50%]
tests/unit/test_hippocampal_write_gate_redactor.py::TestWriteGate::test_skip_secrets PASSED [ 50%]
tests/unit/test_hippocampal_write_gate_redactor.py::TestWriteGate::test_novelty_low_when_duplicate PASSED [ 51%]
tests/unit/test_hippocampal_write_gate_redactor.py::TestWriteGate::test_pii_triggers_redaction PASSED [ 51%]
tests/unit/test_hippocampal_write_gate_redactor.py::TestWriteGateChunkTypeToMemoryType::test_preference_maps_to_preference PASSED [ 51%]
tests/unit/test_hippocampal_write_gate_redactor.py::TestWriteGateChunkTypeToMemoryType::test_constraint_maps_to_constraint PASSED [ 51%]
tests/unit/test_hippocampal_write_gate_redactor.py::TestWriteGateChunkTypeToMemoryType::test_fact_maps_to_semantic_fact_and_episodic PASSED [ 51%]
tests/unit/test_hippocampal_write_gate_redactor.py::TestWriteGateChunkTypeToMemoryType::test_event_maps_to_episodic_event PASSED [ 51%]
tests/unit/test_hippocampal_write_gate_redactor.py::TestWriteGateChunkTypeToMemoryType::test_statement_maps_to_episodic_event PASSED [ 51%]
tests/unit/test_hippocampal_write_gate_redactor.py::TestWriteGateChunkTypeToMemoryType::test_instruction_maps_to_task_state PASSED [ 51%]
tests/unit/test_hippocampal_write_gate_redactor.py::TestWriteGateChunkTypeToMemoryType::test_question_maps_to_episodic_event PASSED [ 52%]
tests/unit/test_hippocampal_write_gate_redactor.py::TestWriteGateChunkTypeToMemoryType::test_opinion_maps_to_hypothesis PASSED [ 52%]
tests/unit/test_hippocampal_write_gate_redactor.py::TestWriteGateSalienceThresholds::test_combined_score_below_min_importance_skips PASSED [ 52%]
tests/unit/test_hippocampal_write_gate_redactor.py::TestWriteGateSalienceThresholds::test_high_salience_and_novelty_stores PASSED [ 52%]
tests/unit/test_hippocampal_write_gate_redactor.py::TestWriteGateSalienceThresholds::test_novelty_below_min_skips PASSED [ 52%]
tests/unit/test_hippocampal_write_gate_redactor.py::TestWriteGateConfig::test_default_thresholds PASSED [ 52%]
tests/unit/test_hippocampal_write_gate_redactor.py::TestWriteGateConfig::test_custom_thresholds PASSED [ 52%]
tests/unit/test_hippocampal_write_gate_redactor.py::TestPIIRedactor::test_redact_email PASSED [ 53%]
tests/unit/test_hippocampal_write_gate_redactor.py::TestPIIRedactor::test_redact_phone PASSED [ 53%]
tests/unit/test_hippocampal_write_gate_redactor.py::TestPIIRedactor::test_no_redaction_clean_text PASSED [ 53%]
tests/unit/test_llm_conflict_detection_only.py::test_use_llm_conflict_detection_only_skips_fast_path PASSED [ 53%]
tests/unit/test_llm_constraint_extractor.py::test_unified_extractor_returns_constraints_with_mock_llm PASSED [ 53%]
tests/unit/test_llm_constraint_extractor.py::test_unified_extractor_empty_text_returns_defaults PASSED [ 53%]
tests/unit/test_llm_constraint_extractor.py::test_rule_based_constraint_extractor_still_works PASSED [ 53%]
tests/unit/test_llm_constraint_extractor.py::test_constraint_fact_key_used_for_deduplication PASSED [ 54%]
tests/unit/test_llm_memory_type.py::test_unified_extractor_returns_memory_type PASSED [ 54%]
tests/unit/test_llm_memory_type.py::test_unified_extractor_handles_invalid_memory_type PASSED [ 54%]
tests/unit/test_llm_memory_type.py::test_unified_extractor_handles_missing_memory_type PASSED [ 54%]
tests/unit/test_llm_memory_type.py::test_parse_result_validates_memory_type PASSED [ 54%]
tests/unit/test_llm_memory_type.py::test_parse_result_rejects_invalid_memory_type PASSED [ 54%]
tests/unit/test_llm_pii_redaction.py::test_redactor_accepts_additional_spans PASSED [ 54%]
tests/unit/test_llm_pii_redaction.py::test_redactor_without_additional_spans_unchanged_behavior PASSED [ 55%]
tests/unit/test_llm_query_classifier_only.py::test_use_llm_query_classifier_only_skips_fast_path PASSED [ 55%]
tests/unit/test_llm_salience_refinement.py::test_unified_extractor_returns_salience PASSED [ 55%]
tests/unit/test_llm_write_gate_importance.py::test_unified_extractor_returns_importance PASSED [ 55%]
tests/unit/test_llm_write_time_facts.py::test_unified_extractor_returns_facts_with_mock_llm PASSED [ 55%]
tests/unit/test_llm_write_time_facts.py::test_rule_based_write_time_fact_extractor_still_works PASSED [ 55%]
tests/unit/test_memory_modules_conversation_scratch_tool.py::TestConversationMemory::test_add_message_user_role PASSED [ 55%]
tests/unit/test_memory_modules_conversation_scratch_tool.py::TestConversationMemory::test_add_message_assistant_role PASSED [ 55%]
tests/unit/test_memory_modules_conversation_scratch_tool.py::TestConversationMemory::test_add_message_with_tool_calls PASSED [ 56%]
tests/unit/test_memory_modules_conversation_scratch_tool.py::TestConversationMemory::test_get_history_returns_ordered_messages PASSED [ 56%]
tests/unit/test_memory_modules_conversation_scratch_tool.py::TestConversationMemory::test_get_history_respects_limit PASSED [ 56%]
tests/unit/test_memory_modules_conversation_scratch_tool.py::TestConversationMemory::test_summarize_and_compress_short_history PASSED [ 56%]
tests/unit/test_memory_modules_conversation_scratch_tool.py::TestConversationMemory::test_summarize_with_summary_text PASSED [ 56%]
tests/unit/test_memory_modules_conversation_scratch_tool.py::TestScratchPad::test_set_and_get_string_value PASSED [ 56%]
tests/unit/test_memory_modules_conversation_scratch_tool.py::TestScratchPad::test_set_and_get_dict_value PASSED [ 56%]
tests/unit/test_memory_modules_conversation_scratch_tool.py::TestScratchPad::test_get_missing_key_returns_none PASSED [ 57%]
tests/unit/test_memory_modules_conversation_scratch_tool.py::TestScratchPad::test_append_creates_list PASSED [ 57%]
tests/unit/test_memory_modules_conversation_scratch_tool.py::TestScratchPad::test_append_to_existing_list PASSED [ 57%]
tests/unit/test_memory_modules_conversation_scratch_tool.py::TestScratchPad::test_append_to_non_list_creates_list PASSED [ 57%]
tests/unit/test_memory_modules_conversation_scratch_tool.py::TestScratchPad::test_clear_removes_session_scratch PASSED [ 57%]
tests/unit/test_memory_modules_conversation_scratch_tool.py::TestToolMemory::test_store_result_returns_id PASSED [ 57%]
tests/unit/test_memory_modules_conversation_scratch_tool.py::TestToolMemory::test_store_result_has_correct_metadata PASSED [ 57%]
tests/unit/test_memory_modules_conversation_scratch_tool.py::TestToolMemory::test_get_results_returns_stored_results PASSED [ 58%]
tests/unit/test_memory_modules_conversation_scratch_tool.py::TestToolMemory::test_get_results_filter_by_tool_name PASSED [ 58%]
tests/unit/test_memory_modules_conversation_scratch_tool.py::TestKnowledgeBase::test_store_fact_returns_id PASSED [ 58%]
tests/unit/test_memory_modules_conversation_scratch_tool.py::TestKnowledgeBase::test_store_fact_has_correct_structure PASSED [ 58%]
tests/unit/test_memory_modules_conversation_scratch_tool.py::TestKnowledgeBase::test_query_without_embeddings PASSED [ 58%]
tests/unit/test_memory_modules_conversation_scratch_tool.py::TestKnowledgeBase::test_fact_dataclass_properties PASSED [ 58%]
tests/unit/test_memory_retriever.py::test_retrieve_embeds_query_once ERROR [ 58%]
tests/unit/test_neocortical_schemas.py::TestFactCategory::test_identity_value PASSED [ 59%]
tests/unit/test_neocortical_schemas.py::TestFactCategory::test_preference_value PASSED [ 59%]
tests/unit/test_neocortical_schemas.py::TestFactSchema::test_schema_has_category_and_key_pattern PASSED [ 59%]
tests/unit/test_neocortical_schemas.py::TestFactSchema::test_default_fact_schemas_has_identity PASSED [ 59%]
tests/unit/test_neocortical_schemas.py::TestSemanticFact::test_semantic_fact_minimal PASSED [ 59%]
tests/unit/test_neocortical_schemas.py::TestSchemaManager::test_get_schema_exact PASSED [ 59%]
tests/unit/test_neocortical_schemas.py::TestSchemaManager::test_get_schema_wildcard PASSED [ 59%]
tests/unit/test_neocortical_schemas.py::TestSchemaManager::test_get_schema_missing PASSED [ 59%]
tests/unit/test_neocortical_schemas.py::TestSchemaManager::test_get_schemas_for_category PASSED [ 60%]
tests/unit/test_neocortical_schemas.py::TestSchemaManager::test_validate_key PASSED [ 60%]
tests/unit/test_orchestrator_seamless_provider.py::TestSeamlessMemoryProvider::test_process_turn_retrieves_context PASSED [ 60%]
tests/unit/test_orchestrator_seamless_provider.py::TestSeamlessMemoryProvider::test_process_turn_stores_user_message PASSED [ 60%]
tests/unit/test_orchestrator_seamless_provider.py::TestSeamlessMemoryProvider::test_process_turn_stores_assistant_response PASSED [ 60%]
tests/unit/test_orchestrator_seamless_provider.py::TestSeamlessMemoryProvider::test_process_turn_filters_by_relevance PASSED [ 60%]
tests/unit/test_orchestrator_seamless_provider.py::TestSeamlessMemoryProvider::test_process_turn_returns_turn_result PASSED [ 60%]
tests/unit/test_orchestrator_seamless_provider.py::TestSeamlessMemoryProvider::test_process_turn_no_auto_store PASSED [ 61%]
tests/unit/test_orchestrator_seamless_provider.py::TestSeamlessMemoryProvider::test_format_for_injection_respects_max_tokens PASSED [ 61%]
tests/unit/test_orchestrator_seamless_provider.py::TestMemoryOrchestrator::test_write_ingests_turn PASSED [ 61%]
tests/unit/test_orchestrator_seamless_provider.py::TestMemoryOrchestrator::test_write_stores_via_hippocampal PASSED [ 61%]
tests/unit/test_orchestrator_seamless_provider.py::TestMemoryOrchestrator::test_read_uses_retriever PASSED [ 61%]
tests/unit/test_orchestrator_seamless_provider.py::TestMemoryOrchestrator::test_get_session_context_builds_context PASSED [ 61%]
tests/unit/test_orchestrator_seamless_provider.py::TestMemoryOrchestrator::test_update_handles_feedback PASSED [ 61%]
tests/unit/test_orchestrator_seamless_provider.py::TestMemoryOrchestrator::test_write_calls_sync_to_graph PASSED [ 62%]
tests/unit/test_orchestrator_seamless_provider.py::TestMemoryOrchestrator::test_write_graph_sync_failure_does_not_break_write PASSED [ 62%]
tests/unit/test_orchestrator_seamless_provider.py::TestMemoryOrchestrator::test_write_relation_sync_failure_does_not_break_write PASSED [ 62%]
tests/unit/test_orchestrator_seamless_provider.py::TestMemoryOrchestrator::test_write_no_entities_or_relations_skips_graph_sync PASSED [ 62%]
tests/unit/test_orchestrator_seamless_provider.py::TestMemoryOrchestrator::test_write_eval_mode_also_syncs_to_graph PASSED [ 62%]
tests/unit/test_orchestrator_seamless_provider.py::TestOrchestratorFactory::test_create_wires_entity_and_relation_extractors PASSED [ 62%]
tests/unit/test_query_classifier_constraint_topk.py::test_llm_classify_returns_constraint_dimensions_and_suggested_top_k PASSED [ 62%]
tests/unit/test_query_classifier_constraint_topk.py::test_llm_classify_valid_suggested_top_k_used PASSED [ 62%]
tests/unit/test_query_classifier_constraint_topk.py::test_llm_classify_suggested_top_k_out_of_range_falls_back PASSED [ 63%]
tests/unit/test_reconsolidation_labile_conflict_belief.py::TestLabileStateTracker::test_mark_labile_and_get_session PASSED [ 63%]
tests/unit/test_reconsolidation_labile_conflict_belief.py::TestLabileStateTracker::test_release_labile_clears_session PASSED [ 63%]
tests/unit/test_reconsolidation_labile_conflict_belief.py::TestLabileStateTracker::test_get_labile_memories PASSED [ 63%]
tests/unit/test_reconsolidation_labile_conflict_belief.py::TestConflictDetector::test_fast_correction_marker PASSED [ 63%]
tests/unit/test_reconsolidation_labile_conflict_belief.py::TestConflictDetector::test_fast_no_conflict PASSED [ 63%]
tests/unit/test_reconsolidation_labile_conflict_belief.py::TestConflictDetector::test_fast_preference_temporal PASSED [ 63%]
tests/unit/test_reconsolidation_labile_conflict_belief.py::TestBeliefRevisionEngine::test_belief_revision_reinforcement_plan PASSED [ 64%]
tests/unit/test_reconsolidation_labile_conflict_belief.py::TestBeliefRevisionEngine::test_belief_revision_correction_plan PASSED [ 64%]
tests/unit/test_reconsolidation_labile_conflict_belief.py::TestBeliefRevisionEngine::test_belief_revision_temporal_time_slice_plan PASSED [ 64%]
tests/unit/test_retrieval_classifier_planner_reranker.py::TestQueryClassifier::test_fast_preference_lookup PASSED [ 64%]
tests/unit/test_retrieval_classifier_planner_reranker.py::TestQueryClassifier::test_fast_identity_lookup PASSED [ 64%]
tests/unit/test_retrieval_classifier_planner_reranker.py::TestQueryClassifier::test_classifier_returns_general_or_unknown_for_random_query_without_llm PASSED [ 64%]
tests/unit/test_retrieval_classifier_planner_reranker.py::TestRetrievalPlanner::test_planner_preference_lookup_produces_facts_step PASSED [ 64%]
tests/unit/test_retrieval_classifier_planner_reranker.py::TestRetrievalPlanner::test_planner_general_question_includes_vector_and_facts_steps PASSED [ 65%]
tests/unit/test_retrieval_classifier_planner_reranker.py::TestMemoryReranker::test_rerank_orders_by_score PASSED [ 65%]
tests/unit/test_retrieval_classifier_planner_reranker.py::TestMemoryReranker::test_rerank_respects_max_results PASSED [ 65%]
tests/unit/test_retrieval_classifier_planner_reranker.py::TestMemoryPacketBuilder::test_packet_builder_categorizes_by_memory_type PASSED [ 65%]
tests/unit/test_retrieval_classifier_planner_reranker.py::TestMemoryPacketBuilder::test_packet_builder_to_llm_context_includes_markdown PASSED [ 65%]
tests/unit/test_retriever.py::test_fact_to_record_constraint_routing PASSED [ 65%]
tests/unit/test_retriever.py::test_fact_to_record_fact_routing PASSED    [ 65%]
tests/unit/test_retriever.py::test_fact_to_record_source_constraints_routes_to_constraint PASSED [ 66%]
tests/unit/test_routes_helpers.py::TestToMemoryItem::test_maps_retrieved_memory_to_memory_item PASSED [ 66%]
tests/unit/test_routes_helpers.py::TestToMemoryItem::test_memory_type_value_used PASSED [ 66%]
tests/unit/test_routes_helpers.py::TestToMemoryItem::test_metadata_defaults_to_empty_dict PASSED [ 66%]
tests/unit/test_routes_helpers.py::TestToMemoryItem::test_metadata_passthrough PASSED [ 66%]
tests/unit/test_routes_helpers.py::TestSafe500Detail::test_returns_internal_server_error_when_not_debug PASSED [ 66%]
tests/unit/test_routes_helpers.py::TestSafe500Detail::test_returns_exception_message_when_debug PASSED [ 66%]
tests/unit/test_sensory_buffer_working_memory.py::TestSensoryBuffer::test_ingest_returns_token_count PASSED [ 66%]
tests/unit/test_sensory_buffer_working_memory.py::TestSensoryBuffer::test_get_text PASSED [ 67%]
tests/unit/test_sensory_buffer_working_memory.py::TestSensoryBuffer::test_clear PASSED [ 67%]
tests/unit/test_sensory_buffer_working_memory.py::TestSensoryBuffer::test_capacity_enforced PASSED [ 67%]
tests/unit/test_sensory_buffer_working_memory.py::TestSensoryBufferManager::test_ingest_and_get_recent_text PASSED [ 67%]
tests/unit/test_sensory_buffer_working_memory.py::TestSensoryBufferManager::test_clear_user PASSED [ 67%]
tests/unit/test_sensory_buffer_working_memory.py::TestSemchunkChunker::test_chunk_returns_semantic_chunks PASSED [ 67%]
tests/unit/test_sensory_buffer_working_memory.py::TestSemchunkChunker::test_chunk_preserves_text_content PASSED [ 67%]
tests/unit/test_sensory_buffer_working_memory.py::TestSemchunkChunker::test_chunk_handles_questions PASSED [ 68%]
tests/unit/test_sensory_buffer_working_memory.py::TestWorkingMemoryState::test_add_chunk_evicts_low_salience PASSED [ 68%]
tests/unit/test_sensory_buffer_working_memory.py::TestShortTermMemory::test_ingest_turn_returns_chunks PASSED [ 68%]
tests/unit/test_sensory_buffer_working_memory.py::TestShortTermMemory::test_get_immediate_context PASSED [ 68%]
tests/unit/test_sensory_buffer_working_memory.py::TestShortTermMemory::test_clear PASSED [ 68%]
tests/unit/test_storage_noop_stores.py::TestNoOpGraphStore::test_merge_node_returns_fixed_id PASSED [ 68%]
tests/unit/test_storage_noop_stores.py::TestNoOpGraphStore::test_merge_edge_returns_fixed_id PASSED [ 68%]
tests/unit/test_storage_noop_stores.py::TestNoOpGraphStore::test_get_neighbors_returns_empty_list PASSED [ 69%]
tests/unit/test_storage_noop_stores.py::TestNoOpGraphStore::test_personalized_pagerank_returns_empty_list PASSED [ 69%]
tests/unit/test_storage_noop_stores.py::TestNoOpGraphStore::test_get_entity_facts_returns_empty_list PASSED [ 69%]
tests/unit/test_storage_noop_stores.py::TestNoOpGraphStore::test_get_entity_facts_batch_returns_empty_dict PASSED [ 69%]
tests/unit/test_storage_noop_stores.py::TestNoOpFactStore::test_upsert_fact_returns_stub_semantic_fact PASSED [ 69%]
tests/unit/test_storage_noop_stores.py::TestNoOpFactStore::test_get_fact_returns_none PASSED [ 69%]
tests/unit/test_storage_noop_stores.py::TestNoOpFactStore::test_get_facts_by_category_returns_empty_list PASSED [ 69%]
tests/unit/test_storage_noop_stores.py::TestNoOpFactStore::test_get_facts_by_category_accepts_limit PASSED [ 70%]
tests/unit/test_storage_noop_stores.py::TestNoOpFactStore::test_get_tenant_profile_returns_empty_dict PASSED [ 70%]
tests/unit/test_storage_noop_stores.py::TestNoOpFactStore::test_search_facts_returns_empty_list PASSED [ 70%]
tests/unit/test_storage_noop_stores.py::TestNoOpFactStore::test_search_facts_batch_returns_empty_dict PASSED [ 70%]
tests/unit/test_storage_utils.py::TestNaiveUtc::test_none_returns_none PASSED [ 70%]
tests/unit/test_storage_utils.py::TestNaiveUtc::test_naive_datetime_unchanged PASSED [ 70%]
tests/unit/test_storage_utils.py::TestNaiveUtc::test_aware_utc_converted_to_naive_utc PASSED [ 70%]
tests/unit/test_storage_utils.py::TestNaiveUtc::test_aware_non_utc_converted_to_naive_utc PASSED [ 70%]
tests/unit/test_timestamp_feature.py::TestTimestampInSchemas::test_write_memory_request_accepts_timestamp PASSED [ 71%]
tests/unit/test_timestamp_feature.py::TestTimestampInSchemas::test_write_memory_request_timestamp_defaults_to_none PASSED [ 71%]
tests/unit/test_timestamp_feature.py::TestTimestampInSchemas::test_process_turn_request_accepts_timestamp PASSED [ 71%]
tests/unit/test_timestamp_feature.py::TestTimestampInSchemas::test_process_turn_request_timestamp_defaults_to_none PASSED [ 71%]
tests/unit/test_timestamp_feature.py::TestTimestampInChunker::test_semantic_chunk_uses_provided_timestamp PASSED [ 71%]
tests/unit/test_timestamp_feature.py::TestTimestampInChunker::test_semantic_chunk_defaults_to_now_when_no_timestamp PASSED [ 71%]
tests/unit/test_timestamp_feature.py::TestTimestampInOrchestrator::test_orchestrator_write_method_signature_accepts_timestamp PASSED [ 71%]
tests/unit/test_timestamp_feature.py::TestTimestampInSeamlessProvider::test_seamless_provider_process_turn_method_signature_accepts_timestamp PASSED [ 72%]
tests/unit/test_timestamp_feature.py::TestTimestampBackwardCompatibility::test_api_schema_without_timestamp_is_valid PASSED [ 72%]
tests/unit/test_timestamp_feature.py::TestTimestampBackwardCompatibility::test_timestamp_parameter_is_optional_in_all_layers PASSED [ 72%]
tests/unit/test_timestamp_feature.py::TestTimestampTemporalFidelity::test_historical_timestamp_preserved PASSED [ 72%]
tests/unit/test_timestamp_feature.py::TestTimestampTemporalFidelity::test_different_timestamps_for_different_events PASSED [ 72%]
tests/unit/test_timestamp_ingestion.py::test_timestamp_ingestion FAILED  [ 72%]
tests/unit/test_unified_write_extractor.py::TestUnifiedExtractorEntities::test_entities_have_text_normalized_type_from_allowed_set PASSED [ 72%]
tests/unit/test_unified_write_extractor.py::TestUnifiedExtractorEntities::test_system_prompt_chunk_yields_empty_entities PASSED [ 73%]
tests/unit/test_unified_write_extractor.py::TestUnifiedExtractorEntities::test_invalid_entity_type_maps_to_concept PASSED [ 73%]
tests/unit/test_unified_write_extractor.py::TestUnifiedExtractorEntities::test_backward_compat_string_entities PASSED [ 73%]
tests/unit/test_unified_write_extractor.py::TestUnifiedExtractorRelations::test_relations_have_subject_predicate_object_snake_case PASSED [ 73%]
tests/unit/test_unified_write_extractor.py::TestUnifiedExtractorRelations::test_relations_backward_compat_source_target_type PASSED [ 73%]
tests/unit/test_unified_write_extractor.py::TestUnifiedExtractorParametrized::test_fixture_chunks_parse_correctly[I live in Berlin and my sister Maria works at SAP.] PASSED [ 73%]
tests/unit/test_unified_write_extractor.py::TestUnifiedExtractorParametrized::test_fixture_chunks_parse_correctly[You are a helpful assistant. Always be concise.] PASSED [ 73%]
tests/unit/test_unified_write_extractor.py::TestUnifiedExtractorParametrized::test_fixture_chunks_parse_correctly[Remember: user prefers vegan.] PASSED [ 74%]
tests/unit/test_unified_write_extractor.py::TestUnifiedExtractorParametrized::test_fixture_chunks_parse_correctly[John knows Sarah. Sarah works at Microsoft.] PASSED [ 74%]
tests/unit/test_unified_write_extractor.py::TestUnifiedExtractorEmptyAndBatch::test_empty_text_returns_defaults PASSED [ 74%]
tests/unit/test_unified_write_extractor.py::TestUnifiedExtractorEmptyAndBatch::test_extract_batch_uses_unified_schema PASSED [ 74%]
tests/unit/test_unified_write_extractor.py::TestUnifiedExtractorConfidenceContextTagsDecayRate::test_extract_returns_confidence_context_tags_decay_rate PASSED [ 74%]
tests/unit/test_unified_write_extractor.py::TestUnifiedExtractorConfidenceContextTagsDecayRate::test_parse_result_clamps_confidence PASSED [ 74%]
tests/unit/test_unified_write_extractor.py::TestUnifiedExtractorConfidenceContextTagsDecayRate::test_parse_result_default_confidence PASSED [ 74%]
tests/unit/test_unified_write_extractor.py::TestUnifiedExtractorConfidenceContextTagsDecayRate::test_parse_result_validates_decay_rate_range PASSED [ 74%]
tests/unit/test_unified_write_extractor.py::TestUnifiedExtractorConfidenceContextTagsDecayRate::test_parse_result_context_tags_filters_non_strings PASSED [ 75%]
tests/unit/test_utils_timing_metrics.py::TestTimed::test_timed_yields_and_completes PASSED [ 75%]
tests/unit/test_utils_timing_metrics.py::TestTimed::test_timed_measures_elapsed PASSED [ 75%]
tests/unit/test_utils_timing_metrics.py::TestTimed::test_timed_uses_warning_when_over_threshold PASSED [ 75%]
tests/unit/test_utils_timing_metrics.py::TestTrackRetrievalLatency::test_sync_wrapped_returns_value PASSED [ 75%]
tests/unit/test_utils_timing_metrics.py::TestTrackRetrievalLatency::test_async_wrapped_returns_value PASSED [ 75%]
tests/unit/test_workflow.py::test_api PASSED                             [ 75%]
packages/py-cml/tests/e2e/test_chat_flow.py::test_multi_turn_conversation FAILED [ 76%]
packages/py-cml/tests/e2e/test_migration.py::test_export_import_embedded_to_server FAILED [ 76%]
packages/py-cml/tests/embedded/test_lifecycle.py::test_context_manager_enters_exits PASSED [ 76%]
packages/py-cml/tests/embedded/test_lifecycle.py::test_close_after_use PASSED [ 76%]
packages/py-cml/tests/embedded/test_lifecycle.py::test_ensure_initialized_raises_before_init PASSED [ 76%]
packages/py-cml/tests/embedded/test_lite_mode.py::test_zero_config_init PASSED [ 76%]
packages/py-cml/tests/embedded/test_lite_mode.py::test_lite_mode_write_and_read_roundtrip FAILED [ 76%]
packages/py-cml/tests/embedded/test_lite_mode.py::test_persistent_storage FAILED [ 77%]
packages/py-cml/tests/integration/test_admin.py::test_consolidate FAILED [ 77%]
packages/py-cml/tests/integration/test_admin.py::test_run_forgetting_dry_run FAILED [ 77%]
packages/py-cml/tests/integration/test_admin.py::test_list_tenants FAILED [ 77%]
packages/py-cml/tests/integration/test_admin.py::test_component_health FAILED [ 77%]
packages/py-cml/tests/integration/test_batch.py::test_batch_write_then_read FAILED [ 77%]
packages/py-cml/tests/integration/test_batch.py::test_batch_read FAILED  [ 77%]
packages/py-cml/tests/integration/test_namespace.py::test_with_namespace_write_read FAILED [ 77%]
packages/py-cml/tests/integration/test_sessions.py::test_create_session PASSED [ 78%]
packages/py-cml/tests/integration/test_sessions.py::test_get_session_context FAILED [ 78%]
packages/py-cml/tests/integration/test_stats.py::test_stats_returns_response SKIPPED [ 78%]
packages/py-cml/tests/integration/test_turn.py::test_turn_basic SKIPPED  [ 78%]
packages/py-cml/tests/integration/test_turn.py::test_turn_with_session_id SKIPPED [ 78%]
packages/py-cml/tests/integration/test_turn.py::test_turn_store_exchange SKIPPED [ 78%]
packages/py-cml/tests/integration/test_update_forget.py::test_update_memory SKIPPED [ 78%]
packages/py-cml/tests/integration/test_update_forget.py::test_forget_by_query SKIPPED [ 79%]
packages/py-cml/tests/integration/test_write_read.py::test_write_then_read SKIPPED [ 79%]
packages/py-cml/tests/integration/test_write_read.py::test_write_multiple_then_read SKIPPED [ 79%]
packages/py-cml/tests/integration/test_write_read.py::test_read_llm_context_format SKIPPED [ 79%]
packages/py-cml/tests/unit/test_client_advanced_features.py::test_consolidate_calls_dashboard_consolidate PASSED [ 79%]
packages/py-cml/tests/unit/test_client_advanced_features.py::test_consolidate_with_user_id PASSED [ 79%]
packages/py-cml/tests/unit/test_client_advanced_features.py::test_run_forgetting_calls_dashboard_forget PASSED [ 79%]
packages/py-cml/tests/unit/test_client_advanced_features.py::test_reconsolidate_calls_dashboard_reconsolidate PASSED [ 80%]
packages/py-cml/tests/unit/test_client_advanced_features.py::test_batch_write_sequential PASSED [ 80%]
packages/py-cml/tests/unit/test_client_advanced_features.py::test_batch_read_sequential PASSED [ 80%]
packages/py-cml/tests/unit/test_client_advanced_features.py::test_set_tenant_updates_config_and_closes_transport PASSED [ 80%]
packages/py-cml/tests/unit/test_client_advanced_features.py::test_tenant_id_property PASSED [ 80%]
packages/py-cml/tests/unit/test_client_advanced_features.py::test_list_tenants_calls_dashboard_tenants PASSED [ 80%]
packages/py-cml/tests/unit/test_client_advanced_features.py::test_get_events_calls_dashboard_events PASSED [ 80%]
packages/py-cml/tests/unit/test_client_advanced_features.py::test_get_events_with_since PASSED [ 81%]
packages/py-cml/tests/unit/test_client_advanced_features.py::test_component_health_calls_dashboard_components PASSED [ 81%]
packages/py-cml/tests/unit/test_client_advanced_features.py::test_with_namespace_returns_namespaced_client PASSED [ 81%]
packages/py-cml/tests/unit/test_client_advanced_features.py::test_namespaced_client_write_injects_namespace PASSED [ 81%]
packages/py-cml/tests/unit/test_client_advanced_features.py::test_namespaced_client_read_delegates PASSED [ 81%]
packages/py-cml/tests/unit/test_client_advanced_features.py::test_iter_memories_one_page PASSED [ 81%]
packages/py-cml/tests/unit/test_client_advanced_features.py::test_iter_memories_empty PASSED [ 81%]
packages/py-cml/tests/unit/test_client_advanced_features.py::test_iter_memories_raises_when_multiple_memory_types PASSED [ 81%]
packages/py-cml/tests/unit/test_client_advanced_features.py::test_session_scope_turn_injects_session_id PASSED [ 82%]
packages/py-cml/tests/unit/test_client_advanced_features.py::test_openai_helper_chat_flow PASSED [ 82%]
packages/py-cml/tests/unit/test_client_developer_experience.py::test_cml_error_has_suggestion_and_request_id PASSED [ 82%]
packages/py-cml/tests/unit/test_client_developer_experience.py::test_cml_error_repr PASSED [ 82%]
packages/py-cml/tests/unit/test_client_developer_experience.py::test_configure_logging_sets_level_and_handler PASSED [ 82%]
packages/py-cml/tests/unit/test_client_developer_experience.py::test_read_safe_returns_empty_on_connection_error PASSED [ 82%]
packages/py-cml/tests/unit/test_client_developer_experience.py::test_read_safe_returns_empty_on_timeout PASSED [ 82%]
packages/py-cml/tests/unit/test_client_developer_experience.py::test_write_response_str PASSED [ 83%]
packages/py-cml/tests/unit/test_client_developer_experience.py::test_read_response_str PASSED [ 83%]
packages/py-cml/tests/unit/test_client_developer_experience.py::test_stats_response_str PASSED [ 83%]
packages/py-cml/tests/unit/test_client_developer_experience.py::test_serialize_for_api_uuid_datetime_none PASSED [ 83%]
packages/py-cml/tests/unit/test_client_developer_experience.py::test_cml_json_encoder_uuid_datetime PASSED [ 83%]
packages/py-cml/tests/unit/test_client_developer_experience.py::test_session_context_manager_injects_session_id PASSED [ 83%]
packages/py-cml/tests/unit/test_client_developer_experience.py::test_deprecated_emits_warning PASSED [ 83%]
packages/py-cml/tests/unit/test_client_developer_experience.py::test_set_tenant_thread_safe PASSED [ 84%]
packages/py-cml/tests/unit/test_client_developer_experience.py::test_async_client_raises_when_used_in_different_loop PASSED [ 84%]
packages/py-cml/tests/unit/test_client_health.py::test_sync_health_returns_health_response PASSED [ 84%]
packages/py-cml/tests/unit/test_client_health.py::test_sync_context_manager_closes_transport PASSED [ 84%]
packages/py-cml/tests/unit/test_client_health.py::test_async_health_returns_health_response PASSED [ 84%]
packages/py-cml/tests/unit/test_client_health.py::test_async_context_manager_closes_transport PASSED [ 84%]
packages/py-cml/tests/unit/test_client_memory_operations.py::test_sync_write_returns_write_response PASSED [ 84%]
packages/py-cml/tests/unit/test_client_memory_operations.py::test_sync_read_returns_read_response PASSED [ 85%]
packages/py-cml/tests/unit/test_client_memory_operations.py::test_sync_read_passes_user_timezone_when_provided PASSED [ 85%]
packages/py-cml/tests/unit/test_client_memory_operations.py::test_sync_turn_passes_user_timezone_when_provided PASSED [ 85%]
packages/py-cml/tests/unit/test_client_memory_operations.py::test_sync_forget_raises_without_selector PASSED [ 85%]
packages/py-cml/tests/unit/test_client_memory_operations.py::test_sync_delete_all_raises_without_confirm PASSED [ 85%]
packages/py-cml/tests/unit/test_client_memory_operations.py::test_sync_delete_all_returns_affected_count_when_confirmed PASSED [ 85%]
packages/py-cml/tests/unit/test_client_memory_operations.py::test_sync_get_context_returns_str PASSED [ 85%]
packages/py-cml/tests/unit/test_client_memory_operations.py::test_sync_remember_delegates_to_write PASSED [ 85%]
packages/py-cml/tests/unit/test_client_memory_operations.py::test_sync_search_delegates_to_read PASSED [ 86%]
packages/py-cml/tests/unit/test_client_memory_operations.py::test_async_write_returns_write_response PASSED [ 86%]
packages/py-cml/tests/unit/test_client_memory_operations.py::test_async_read_returns_read_response PASSED [ 86%]
packages/py-cml/tests/unit/test_client_memory_operations.py::test_async_forget_raises_without_selector PASSED [ 86%]
packages/py-cml/tests/unit/test_client_memory_operations.py::test_async_delete_all_raises_without_confirm PASSED [ 86%]
packages/py-cml/tests/unit/test_client_memory_operations.py::test_async_get_context_returns_str PASSED [ 86%]
packages/py-cml/tests/unit/test_client_memory_operations.py::test_sync_update_returns_update_response PASSED [ 86%]
packages/py-cml/tests/unit/test_client_memory_operations.py::test_sync_forget_with_memory_ids PASSED [ 87%]
packages/py-cml/tests/unit/test_client_memory_operations.py::test_sync_forget_with_query PASSED [ 87%]
packages/py-cml/tests/unit/test_client_memory_operations.py::test_sync_read_passes_response_format_and_since_until PASSED [ 87%]
packages/py-cml/tests/unit/test_client_memory_operations.py::test_sync_get_context_returns_empty_when_llm_context_missing PASSED [ 87%]
packages/py-cml/tests/unit/test_client_memory_operations.py::test_async_update_returns_update_response PASSED [ 87%]
packages/py-cml/tests/unit/test_client_memory_operations.py::test_async_forget_with_before PASSED [ 87%]
packages/py-cml/tests/unit/test_config.py::test_config_direct_params PASSED [ 87%]
packages/py-cml/tests/unit/test_config.py::test_config_defaults PASSED   [ 88%]
packages/py-cml/tests/unit/test_config.py::test_config_strips_trailing_slash PASSED [ 88%]
packages/py-cml/tests/unit/test_config.py::test_config_invalid_base_url PASSED [ 88%]
packages/py-cml/tests/unit/test_config.py::test_config_invalid_timeout PASSED [ 88%]
packages/py-cml/tests/unit/test_config.py::test_config_invalid_max_retries PASSED [ 88%]
packages/py-cml/tests/unit/test_config.py::test_config_invalid_retry_delay PASSED [ 88%]
packages/py-cml/tests/unit/test_config.py::test_config_from_env PASSED   [ 88%]
packages/py-cml/tests/unit/test_config.py::test_config_direct_overrides_env PASSED [ 88%]
packages/py-cml/tests/unit/test_converters.py::test_dashboard_item_to_memory_item_full PASSED [ 89%]
packages/py-cml/tests/unit/test_converters.py::test_dashboard_item_uses_written_at_when_no_timestamp PASSED [ 89%]
packages/py-cml/tests/unit/test_converters.py::test_dashboard_item_uses_importance_fallback_for_relevance PASSED [ 89%]
packages/py-cml/tests/unit/test_converters.py::test_dashboard_item_fallback_timestamp_timezone_aware PASSED [ 89%]
packages/py-cml/tests/unit/test_converters.py::test_dashboard_item_metadata_passthrough PASSED [ 89%]
packages/py-cml/tests/unit/test_converters.py::test_dashboard_item_empty_text PASSED [ 89%]
packages/py-cml/tests/unit/test_embedded_client.py::test_embedded_config_defaults PASSED [ 89%]
packages/py-cml/tests/unit/test_embedded_client.py::test_embedded_write_returns_write_response_when_initialized PASSED [ 90%]
packages/py-cml/tests/unit/test_embedded_client.py::test_embedded_read_passes_filters_and_user_timezone PASSED [ 90%]
packages/py-cml/tests/unit/test_embedded_client.py::test_embedded_ensure_initialized_raises PASSED [ 90%]
packages/py-cml/tests/unit/test_enums.py::test_memory_type_values_are_strings PASSED [ 90%]
packages/py-cml/tests/unit/test_enums.py::test_memory_type_common_values PASSED [ 90%]
packages/py-cml/tests/unit/test_enums.py::test_memory_status_values PASSED [ 90%]
packages/py-cml/tests/unit/test_enums.py::test_memory_source_values PASSED [ 90%]
packages/py-cml/tests/unit/test_enums.py::test_operation_type_values PASSED [ 91%]
packages/py-cml/tests/unit/test_enums.py::test_memory_type_members_count PASSED [ 91%]
packages/py-cml/tests/unit/test_exceptions.py::test_cml_error_attributes PASSED [ 91%]
packages/py-cml/tests/unit/test_exceptions.py::test_cml_error_defaults PASSED [ 91%]
packages/py-cml/tests/unit/test_exceptions.py::test_rate_limit_error_retry_after PASSED [ 91%]
packages/py-cml/tests/unit/test_exceptions.py::test_exception_inheritance PASSED [ 91%]
packages/py-cml/tests/unit/test_exceptions.py::test_cml_connection_error PASSED [ 91%]
packages/py-cml/tests/unit/test_exceptions.py::test_cml_timeout_error PASSED [ 92%]
packages/py-cml/tests/unit/test_exceptions.py::test_connection_error_alias PASSED [ 92%]
packages/py-cml/tests/unit/test_exceptions.py::test_timeout_error_alias PASSED [ 92%]
packages/py-cml/tests/unit/test_import.py::test_import_cml PASSED        [ 92%]
packages/py-cml/tests/unit/test_import.py::test_import_public_api PASSED [ 92%]
packages/py-cml/tests/unit/test_import.py::test_import_models PASSED     [ 92%]
packages/py-cml/tests/unit/test_import.py::test_import_exceptions PASSED [ 92%]
packages/py-cml/tests/unit/test_import.py::test_client_instantiation PASSED [ 92%]
packages/py-cml/tests/unit/test_logging.py::test_configure_logging_sets_level PASSED [ 93%]
packages/py-cml/tests/unit/test_models.py::test_memory_item_parse_from_dict PASSED [ 93%]
packages/py-cml/tests/unit/test_models.py::test_memory_item_serialize_to_dict PASSED [ 93%]
packages/py-cml/tests/unit/test_models.py::test_write_request_model_dump_exclude_none PASSED [ 93%]
packages/py-cml/tests/unit/test_models.py::test_read_request_model_dump_exclude_none PASSED [ 93%]
packages/py-cml/tests/unit/test_models.py::test_read_request_user_timezone_serialized PASSED [ 93%]
packages/py-cml/tests/unit/test_models.py::test_turn_request_user_timezone_serialized PASSED [ 93%]
packages/py-cml/tests/unit/test_models.py::test_write_response_parse PASSED [ 94%]
packages/py-cml/tests/unit/test_models.py::test_write_response_eval_mode PASSED [ 94%]
packages/py-cml/tests/unit/test_models.py::test_read_response_parse PASSED [ 94%]
packages/py-cml/tests/unit/test_models.py::test_read_request_max_results_validation PASSED [ 94%]
packages/py-cml/tests/unit/test_models.py::test_read_request_format_alias PASSED [ 94%]
packages/py-cml/tests/unit/test_models.py::test_turn_request_defaults PASSED [ 94%]
packages/py-cml/tests/unit/test_models.py::test_update_request_optional_fields PASSED [ 94%]
packages/py-cml/tests/unit/test_models.py::test_forget_request_action_values PASSED [ 95%]
packages/py-cml/tests/unit/test_models.py::test_create_session_request_defaults PASSED [ 95%]
packages/py-cml/tests/unit/test_models.py::test_update_response_parse PASSED [ 95%]
packages/py-cml/tests/unit/test_models.py::test_forget_response_parse PASSED [ 95%]
packages/py-cml/tests/unit/test_models.py::test_health_response_parse PASSED [ 95%]
packages/py-cml/tests/unit/test_models.py::test_session_response_parse PASSED [ 95%]
packages/py-cml/tests/unit/test_models.py::test_session_context_response_parse PASSED [ 95%]
packages/py-cml/tests/unit/test_retry.py::test_retry_sync_no_retry_on_4xx PASSED [ 96%]
packages/py-cml/tests/unit/test_retry.py::test_retry_sync_succeeds_first_try PASSED [ 96%]
packages/py-cml/tests/unit/test_retry.py::test_retry_sync_retries_then_succeeds PASSED [ 96%]
packages/py-cml/tests/unit/test_retry.py::test_retry_sync_raises_after_exhausted PASSED [ 96%]
packages/py-cml/tests/unit/test_retry.py::test_retry_sync_rate_limit_retries_then_succeeds PASSED [ 96%]
packages/py-cml/tests/unit/test_retry.py::test_retry_sync_rate_limit_exhausted_raises PASSED [ 96%]
packages/py-cml/tests/unit/test_retry.py::test_retry_sync_max_retry_delay_constant PASSED [ 96%]
packages/py-cml/tests/unit/test_retry.py::test_retry_async_succeeds_first_try PASSED [ 96%]
packages/py-cml/tests/unit/test_retry.py::test_retry_async_retries_then_succeeds PASSED [ 97%]
packages/py-cml/tests/unit/test_retry.py::test_retry_async_no_retry_on_validation_error PASSED [ 97%]
packages/py-cml/tests/unit/test_retry.py::test_retry_async_rate_limit_exhausted_raises PASSED [ 97%]
packages/py-cml/tests/unit/test_serialization.py::test_serialize_for_api_uuid_and_datetime PASSED [ 97%]
packages/py-cml/tests/unit/test_serialization.py::test_cml_json_encoder_uuid_datetime PASSED [ 97%]
packages/py-cml/tests/unit/test_serialization.py::test_serialize_for_api_strips_none PASSED [ 97%]
packages/py-cml/tests/unit/test_serialization.py::test_serialize_for_api_nested_dict PASSED [ 97%]
packages/py-cml/tests/unit/test_serialization.py::test_serialize_for_api_list_of_dicts PASSED [ 98%]
packages/py-cml/tests/unit/test_serialization.py::test_serialize_for_api_list_non_dict_elements_unchanged PASSED [ 98%]
packages/py-cml/tests/unit/test_serialization.py::test_serialize_for_api_empty_dict PASSED [ 98%]
packages/py-cml/tests/unit/test_transport.py::test_transport_builds_correct_url_and_headers PASSED [ 98%]
packages/py-cml/tests/unit/test_transport.py::test_build_headers_includes_api_key_and_tenant PASSED [ 98%]
packages/py-cml/tests/unit/test_transport.py::test_raise_for_status_401 PASSED [ 98%]
packages/py-cml/tests/unit/test_transport.py::test_raise_for_status_404 PASSED [ 98%]
packages/py-cml/tests/unit/test_transport.py::test_raise_for_status_403 PASSED [ 99%]
packages/py-cml/tests/unit/test_transport.py::test_raise_for_status_422 PASSED [ 99%]
packages/py-cml/tests/unit/test_transport.py::test_raise_for_status_429_with_retry_after PASSED [ 99%]
packages/py-cml/tests/unit/test_transport.py::test_raise_for_status_500 PASSED [ 99%]
packages/py-cml/tests/unit/test_transport.py::test_do_request_connection_error PASSED [ 99%]
packages/py-cml/tests/unit/test_transport.py::test_do_request_timeout_error PASSED [ 99%]
packages/py-cml/tests/unit/test_transport.py::test_build_headers_uses_admin_key_when_requested PASSED [ 99%]
packages/py-cml/tests/unit/test_transport.py::test_close_closes_client PASSED [100%]

=================================== ERRORS ====================================
________________ ERROR at setup of test_full_memory_lifecycle _________________
tests\e2e\test_api_flows.py:51: in client
    dims = get_settings().embedding_internal.dimensions or 768
           ^^^^^^^^^^^^^^^^^^^^^^^^^^^^^^^^^
C:\Users\avina\AppData\Local\Programs\Python\Python312\Lib\site-packages\pydantic\main.py:1026: in __getattr__
    raise AttributeError(f'{type(self).__name__!r} object has no attribute {item!r}')
E   AttributeError: 'Settings' object has no attribute 'embedding_internal'
______________ ERROR at setup of test_health_response_structure _______________
tests\e2e\test_api_flows.py:51: in client
    dims = get_settings().embedding_internal.dimensions or 768
           ^^^^^^^^^^^^^^^^^^^^^^^^^^^^^^^^^
C:\Users\avina\AppData\Local\Programs\Python\Python312\Lib\site-packages\pydantic\main.py:1026: in __getattr__
    raise AttributeError(f'{type(self).__name__!r} object has no attribute {item!r}')
E   AttributeError: 'Settings' object has no attribute 'embedding_internal'
______ ERROR at setup of test_write_eval_mode_returns_outcome_and_reason ______
tests\e2e\test_api_flows.py:51: in client
    dims = get_settings().embedding_internal.dimensions or 768
           ^^^^^^^^^^^^^^^^^^^^^^^^^^^^^^^^^
C:\Users\avina\AppData\Local\Programs\Python\Python312\Lib\site-packages\pydantic\main.py:1026: in __getattr__
    raise AttributeError(f'{type(self).__name__!r} object has no attribute {item!r}')
E   AttributeError: 'Settings' object has no attribute 'embedding_internal'
______________ ERROR at setup of test_retrieve_embeds_query_once ______________
C:\Users\avina\AppData\Local\Programs\Python\Python312\Lib\site-packages\pytest_asyncio\plugin.py:458: in setup
    return super().setup()
           ^^^^^^^^^^^^^^^
C:\Users\avina\AppData\Local\Programs\Python\Python312\Lib\site-packages\pytest_asyncio\plugin.py:730: in pytest_fixture_setup
    return (yield)
            ^^^^^
tests\conftest.py:118: in mock_embeddings
    dims = get_settings().embedding_internal.dimensions or 768
           ^^^^^^^^^^^^^^^^^^^^^^^^^^^^^^^^^
C:\Users\avina\AppData\Local\Programs\Python\Python312\Lib\site-packages\pydantic\main.py:1026: in __getattr__
    raise AttributeError(f'{type(self).__name__!r} object has no attribute {item!r}')
E   AttributeError: 'Settings' object has no attribute 'embedding_internal'
================================== FAILURES ===================================
____________ test_constraint_surfaces_despite_semantic_disconnect _____________
tests\integration\test_constraint_semantic_disconnect.py:44: in test_constraint_surfaces_despite_semantic_disconnect
    dimensions=get_settings().embedding_internal.dimensions or 768
               ^^^^^^^^^^^^^^^^^^^^^^^^^^^^^^^^^
C:\Users\avina\AppData\Local\Programs\Python\Python312\Lib\site-packages\pydantic\main.py:1026: in __getattr__
    raise AttributeError(f'{type(self).__name__!r} object has no attribute {item!r}')
E   AttributeError: 'Settings' object has no attribute 'embedding_internal'
_______________________ test_encode_chunk_stores_record _______________________
tests\integration\test_hippocampal_encode_flow.py:35: in test_encode_chunk_stores_record
    hippocampal_store = _make_store(pg_session_factory)
                        ^^^^^^^^^^^^^^^^^^^^^^^^^^^^^^^
tests\integration\test_hippocampal_encode_flow.py:20: in _make_store
    dims = get_settings().embedding_internal.dimensions or 768
           ^^^^^^^^^^^^^^^^^^^^^^^^^^^^^^^^^
C:\Users\avina\AppData\Local\Programs\Python\Python312\Lib\site-packages\pydantic\main.py:1026: in __getattr__
    raise AttributeError(f'{type(self).__name__!r} object has no attribute {item!r}')
E   AttributeError: 'Settings' object has no attribute 'embedding_internal'
_____________________ test_encode_chunk_skip_low_salience _____________________
tests\integration\test_hippocampal_encode_flow.py:70: in test_encode_chunk_skip_low_salience
    hippocampal_store = _make_store(pg_session_factory)
                        ^^^^^^^^^^^^^^^^^^^^^^^^^^^^^^^
tests\integration\test_hippocampal_encode_flow.py:20: in _make_store
    dims = get_settings().embedding_internal.dimensions or 768
           ^^^^^^^^^^^^^^^^^^^^^^^^^^^^^^^^^
C:\Users\avina\AppData\Local\Programs\Python\Python312\Lib\site-packages\pydantic\main.py:1026: in __getattr__
    raise AttributeError(f'{type(self).__name__!r} object has no attribute {item!r}')
E   AttributeError: 'Settings' object has no attribute 'embedding_internal'
______________ test_encode_chunk_stored_record_type_matches_gate ______________
tests\integration\test_hippocampal_encode_flow.py:89: in test_encode_chunk_stored_record_type_matches_gate
    hippocampal_store = _make_store(pg_session_factory)
                        ^^^^^^^^^^^^^^^^^^^^^^^^^^^^^^^
tests\integration\test_hippocampal_encode_flow.py:20: in _make_store
    dims = get_settings().embedding_internal.dimensions or 768
           ^^^^^^^^^^^^^^^^^^^^^^^^^^^^^^^^^
C:\Users\avina\AppData\Local\Programs\Python\Python312\Lib\site-packages\pydantic\main.py:1026: in __getattr__
    raise AttributeError(f'{type(self).__name__!r} object has no attribute {item!r}')
E   AttributeError: 'Settings' object has no attribute 'embedding_internal'
___________ test_hippocampal_get_recent_and_search_with_type_filter ___________
tests\integration\test_hippocampal_encode_flow.py:118: in test_hippocampal_get_recent_and_search_with_type_filter
    hippocampal_store = _make_store(pg_session_factory)
                        ^^^^^^^^^^^^^^^^^^^^^^^^^^^^^^^
tests\integration\test_hippocampal_encode_flow.py:20: in _make_store
    dims = get_settings().embedding_internal.dimensions or 768
           ^^^^^^^^^^^^^^^^^^^^^^^^^^^^^^^^^
C:\Users\avina\AppData\Local\Programs\Python\Python312\Lib\site-packages\pydantic\main.py:1026: in __getattr__
    raise AttributeError(f'{type(self).__name__!r} object has no attribute {item!r}')
E   AttributeError: 'Settings' object has no attribute 'embedding_internal'
___________ test_constraint_supersession_first_silent_second_active ___________
tests\integration\test_hippocampal_encode_flow.py:179: in test_constraint_supersession_first_silent_second_active
    hippocampal_store = _make_store(pg_session_factory)
                        ^^^^^^^^^^^^^^^^^^^^^^^^^^^^^^^
tests\integration\test_hippocampal_encode_flow.py:20: in _make_store
    dims = get_settings().embedding_internal.dimensions or 768
           ^^^^^^^^^^^^^^^^^^^^^^^^^^^^^^^^^
C:\Users\avina\AppData\Local\Programs\Python\Python312\Lib\site-packages\pydantic\main.py:1026: in __getattr__
    raise AttributeError(f'{type(self).__name__!r} object has no attribute {item!r}')
E   AttributeError: 'Settings' object has no attribute 'embedding_internal'
_______________________ test_knowledge_base_store_query _______________________
tests\integration\test_memory_type_storage_retrieval.py:150: in test_knowledge_base_store_query
    dimensions=get_settings().embedding_internal.dimensions or 768
               ^^^^^^^^^^^^^^^^^^^^^^^^^^^^^^^^^
C:\Users\avina\AppData\Local\Programs\Python\Python312\Lib\site-packages\pydantic\main.py:1026: in __getattr__
    raise AttributeError(f'{type(self).__name__!r} object has no attribute {item!r}')
E   AttributeError: 'Settings' object has no attribute 'embedding_internal'
___________________ test_historical_timestamp_preservation ____________________
tests\integration\test_memory_type_storage_retrieval.py:215: in test_historical_timestamp_preservation
    dims = get_settings().embedding_internal.dimensions or 768
           ^^^^^^^^^^^^^^^^^^^^^^^^^^^^^^^^^
C:\Users\avina\AppData\Local\Programs\Python\Python312\Lib\site-packages\pydantic\main.py:1026: in __getattr__
    raise AttributeError(f'{type(self).__name__!r} object has no attribute {item!r}')
E   AttributeError: 'Settings' object has no attribute 'embedding_internal'
___________________ test_retrieve_returns_packet_with_facts ___________________
tests\integration\test_retrieval_flow.py:41: in test_retrieve_returns_packet_with_facts
    dimensions=get_settings().embedding_internal.dimensions or 768
               ^^^^^^^^^^^^^^^^^^^^^^^^^^^^^^^^^
C:\Users\avina\AppData\Local\Programs\Python\Python312\Lib\site-packages\pydantic\main.py:1026: in __getattr__
    raise AttributeError(f'{type(self).__name__!r} object has no attribute {item!r}')
E   AttributeError: 'Settings' object has no attribute 'embedding_internal'
____________________ test_retrieve_for_llm_returns_string _____________________
tests\integration\test_retrieval_flow.py:77: in test_retrieve_for_llm_returns_string
    dimensions=get_settings().embedding_internal.dimensions or 768
               ^^^^^^^^^^^^^^^^^^^^^^^^^^^^^^^^^
C:\Users\avina\AppData\Local\Programs\Python\Python312\Lib\site-packages\pydantic\main.py:1026: in __getattr__
    raise AttributeError(f'{type(self).__name__!r} object has no attribute {item!r}')
E   AttributeError: 'Settings' object has no attribute 'embedding_internal'
______ test_retrieve_with_memory_types_filter_returns_only_allowed_types ______
tests\integration\test_retrieval_flow.py:102: in test_retrieve_with_memory_types_filter_returns_only_allowed_types
    dimensions=get_settings().embedding_internal.dimensions or 768
               ^^^^^^^^^^^^^^^^^^^^^^^^^^^^^^^^^
C:\Users\avina\AppData\Local\Programs\Python\Python312\Lib\site-packages\pydantic\main.py:1026: in __getattr__
    raise AttributeError(f'{type(self).__name__!r} object has no attribute {item!r}')
E   AttributeError: 'Settings' object has no attribute 'embedding_internal'
________ test_retrieve_mixed_vector_and_facts_both_sources_contribute _________
tests\integration\test_retrieval_flow.py:155: in test_retrieve_mixed_vector_and_facts_both_sources_contribute
    dimensions=get_settings().embedding_internal.dimensions or 768
               ^^^^^^^^^^^^^^^^^^^^^^^^^^^^^^^^^
C:\Users\avina\AppData\Local\Programs\Python\Python312\Lib\site-packages\pydantic\main.py:1026: in __getattr__
    raise AttributeError(f'{type(self).__name__!r} object has no attribute {item!r}')
E   AttributeError: 'Settings' object has no attribute 'embedding_internal'
____________________ test_retrieval_embedding_called_once _____________________
tests\integration\test_retrieval_flow.py:201: in test_retrieval_embedding_called_once
    dims = get_settings().embedding_internal.dimensions or 768
           ^^^^^^^^^^^^^^^^^^^^^^^^^^^^^^^^^
C:\Users\avina\AppData\Local\Programs\Python\Python312\Lib\site-packages\pydantic\main.py:1026: in __getattr__
    raise AttributeError(f'{type(self).__name__!r} object has no attribute {item!r}')
E   AttributeError: 'Settings' object has no attribute 'embedding_internal'
______________________ test_retrieval_validity_filtering ______________________
tests\integration\test_retrieval_flow.py:243: in test_retrieval_validity_filtering
    dimensions=get_settings().embedding_internal.dimensions or 768
               ^^^^^^^^^^^^^^^^^^^^^^^^^^^^^^^^^
C:\Users\avina\AppData\Local\Programs\Python\Python312\Lib\site-packages\pydantic\main.py:1026: in __getattr__
    raise AttributeError(f'{type(self).__name__!r} object has no attribute {item!r}')
E   AttributeError: 'Settings' object has no attribute 'embedding_internal'
__________ test_encode_batch_with_unified_extractor_uses_llm_results __________
tests\integration\test_unified_write_path.py:94: in test_encode_batch_with_unified_extractor_uses_llm_results
    store = _make_store_with_unified(pg_session_factory)
            ^^^^^^^^^^^^^^^^^^^^^^^^^^^^^^^^^^^^^^^^^^^^
tests\integration\test_unified_write_path.py:23: in _make_store_with_unified
    dims = get_settings().embedding_internal.dimensions or 768
           ^^^^^^^^^^^^^^^^^^^^^^^^^^^^^^^^^
C:\Users\avina\AppData\Local\Programs\Python\Python312\Lib\site-packages\pydantic\main.py:1026: in __getattr__
    raise AttributeError(f'{type(self).__name__!r} object has no attribute {item!r}')
E   AttributeError: 'Settings' object has no attribute 'embedding_internal'
________ test_encode_batch_uses_llm_confidence_context_tags_decay_rate ________
tests\integration\test_unified_write_path.py:180: in test_encode_batch_uses_llm_confidence_context_tags_decay_rate
    store = _make_store_with_llm_fields_mock(
tests\integration\test_unified_write_path.py:120: in _make_store_with_llm_fields_mock
    dims = get_settings().embedding_internal.dimensions or 768
           ^^^^^^^^^^^^^^^^^^^^^^^^^^^^^^^^^
C:\Users\avina\AppData\Local\Programs\Python\Python312\Lib\site-packages\pydantic\main.py:1026: in __getattr__
    raise AttributeError(f'{type(self).__name__!r} object has no attribute {item!r}')
E   AttributeError: 'Settings' object has no attribute 'embedding_internal'
___________________ test_encode_batch_uses_llm_memory_type ____________________
tests\integration\test_unified_write_path.py:262: in test_encode_batch_uses_llm_memory_type
    store = _make_store_with_memory_type_mock(pg_session_factory, "preference")
            ^^^^^^^^^^^^^^^^^^^^^^^^^^^^^^^^^^^^^^^^^^^^^^^^^^^^^^^^^^^^^^^^^^^
tests\integration\test_unified_write_path.py:208: in _make_store_with_memory_type_mock
    dims = get_settings().embedding_internal.dimensions or 768
           ^^^^^^^^^^^^^^^^^^^^^^^^^^^^^^^^^
C:\Users\avina\AppData\Local\Programs\Python\Python312\Lib\site-packages\pydantic\main.py:1026: in __getattr__
    raise AttributeError(f'{type(self).__name__!r} object has no attribute {item!r}')
E   AttributeError: 'Settings' object has no attribute 'embedding_internal'
__________ test_encode_batch_fallback_when_llm_memory_type_disabled ___________
tests\integration\test_unified_write_path.py:307: in test_encode_batch_fallback_when_llm_memory_type_disabled
    store = _make_store_with_memory_type_mock(pg_session_factory, "preference")
            ^^^^^^^^^^^^^^^^^^^^^^^^^^^^^^^^^^^^^^^^^^^^^^^^^^^^^^^^^^^^^^^^^^^
tests\integration\test_unified_write_path.py:208: in _make_store_with_memory_type_mock
    dims = get_settings().embedding_internal.dimensions or 768
           ^^^^^^^^^^^^^^^^^^^^^^^^^^^^^^^^^
C:\Users\avina\AppData\Local\Programs\Python\Python312\Lib\site-packages\pydantic\main.py:1026: in __getattr__
    raise AttributeError(f'{type(self).__name__!r} object has no attribute {item!r}')
E   AttributeError: 'Settings' object has no attribute 'embedding_internal'
__________________ TestConfig.test_nested_settings_defaults ___________________
tests\unit\test_core_enums_schemas_config.py:193: in test_nested_settings_defaults
    s.embedding_internal.provider
    ^^^^^^^^^^^^^^^^^^^^
C:\Users\avina\AppData\Local\Programs\Python\Python312\Lib\site-packages\pydantic\main.py:1026: in __getattr__
    raise AttributeError(f'{type(self).__name__!r} object has no attribute {item!r}')
E   AttributeError: 'Settings' object has no attribute 'embedding_internal'
__________________________ test_timestamp_ingestion ___________________________
tests\unit\test_timestamp_ingestion.py:24: in test_timestamp_ingestion
    embedding_client = EmbeddingClient()
                       ^^^^^^^^^^^^^^^^^
E   TypeError: Can't instantiate abstract class EmbeddingClient without an implementation for abstract methods 'dimensions', 'embed', 'embed_batch'
________________________ test_multi_turn_conversation _________________________
packages\py-cml\tests\e2e\test_chat_flow.py:11: in test_multi_turn_conversation
    r1 = await live_client.turn(
C:\Users\avina\AppData\Local\Programs\Python\Python312\Lib\site-packages\cml\async_client.py:295: in turn
    data = await self._transport.request("POST", "/memory/turn", json=body)
           ^^^^^^^^^^^^^^^^^^^^^^^^^^^^^^^^^^^^^^^^^^^^^^^^^^^^^^^^^^^^^^^^
C:\Users\avina\AppData\Local\Programs\Python\Python312\Lib\site-packages\cml\transport\http.py:316: in request
    return await retry_async(
C:\Users\avina\AppData\Local\Programs\Python\Python312\Lib\site-packages\cml\transport\retry.py:102: in retry_async
    raise last_exception
C:\Users\avina\AppData\Local\Programs\Python\Python312\Lib\site-packages\cml\transport\retry.py:73: in retry_async
    return await func(*args, **kwargs)
           ^^^^^^^^^^^^^^^^^^^^^^^^^^^
C:\Users\avina\AppData\Local\Programs\Python\Python312\Lib\site-packages\cml\transport\http.py:289: in _do_request
    _raise_for_status(response)
C:\Users\avina\AppData\Local\Programs\Python\Python312\Lib\site-packages\cml\transport\http.py:99: in _raise_for_status
    raise ServerError(
E   cml.exceptions.ServerError: Internal server error
E     Suggestion: Server error; retry later or check server logs
E     Request ID: 1771843022764372983
____________________ test_export_import_embedded_to_server ____________________
packages\py-cml\tests\e2e\test_migration.py:41: in test_export_import_embedded_to_server
    imported = await import_memories_async(live_client, str(out_path))
               ^^^^^^^^^^^^^^^^^^^^^^^^^^^^^^^^^^^^^^^^^^^^^^^^^^^^^^^
C:\Users\avina\AppData\Local\Programs\Python\Python312\Lib\site-packages\cml\embedded_utils.py:79: in import_memories_async
    await target.write(text, metadata=meta)
C:\Users\avina\AppData\Local\Programs\Python\Python312\Lib\site-packages\cml\async_client.py:175: in write
    data = await self._transport.request(
C:\Users\avina\AppData\Local\Programs\Python\Python312\Lib\site-packages\cml\transport\http.py:316: in request
    return await retry_async(
C:\Users\avina\AppData\Local\Programs\Python\Python312\Lib\site-packages\cml\transport\retry.py:102: in retry_async
    raise last_exception
C:\Users\avina\AppData\Local\Programs\Python\Python312\Lib\site-packages\cml\transport\retry.py:73: in retry_async
    return await func(*args, **kwargs)
           ^^^^^^^^^^^^^^^^^^^^^^^^^^^
C:\Users\avina\AppData\Local\Programs\Python\Python312\Lib\site-packages\cml\transport\http.py:289: in _do_request
    _raise_for_status(response)
C:\Users\avina\AppData\Local\Programs\Python\Python312\Lib\site-packages\cml\transport\http.py:99: in _raise_for_status
    raise ServerError(
E   cml.exceptions.ServerError: Internal server error
E     Suggestion: Server error; retry later or check server logs
E     Request ID: 1771843028390111780
___________________ test_lite_mode_write_and_read_roundtrip ___________________
packages\py-cml\tests\embedded\test_lite_mode.py:49: in test_lite_mode_write_and_read_roundtrip
    r = await m.read("test memory")
        ^^^^^^^^^^^^^^^^^^^^^^^^^^^
C:\Users\avina\AppData\Local\Programs\Python\Python312\Lib\site-packages\cml\embedded.py:311: in read
    packet = await self._orchestrator.read(
C:\Users\avina\AppData\Local\Programs\Python\Python312\Lib\site-packages\src\memory\orchestrator.py:616: in read
    return await self.retriever.retrieve(
C:\Users\avina\AppData\Local\Programs\Python\Python312\Lib\site-packages\src\retrieval\memory_retriever.py:81: in retrieve
    emb_result = await self.retriever.hippocampal.embeddings.embed(
C:\Users\avina\AppData\Local\Programs\Python\Python312\Lib\site-packages\src\utils\embeddings.py:77: in embed
    response = await self.client.embeddings.create(**kwargs)
               ^^^^^^^^^^^^^^^^^^^^^^^^^^^^^^^^^^^^^^^^^^^^^
C:\Users\avina\AppData\Local\Programs\Python\Python312\Lib\site-packages\openai\resources\embeddings.py:251: in create
    return await self._post(
C:\Users\avina\AppData\Local\Programs\Python\Python312\Lib\site-packages\openai\_base_client.py:1794: in post
    return await self.request(cast_to, opts, stream=stream, stream_cls=stream_cls)
           ^^^^^^^^^^^^^^^^^^^^^^^^^^^^^^^^^^^^^^^^^^^^^^^^^^^^^^^^^^^^^^^^^^^^^^^
C:\Users\avina\AppData\Local\Programs\Python\Python312\Lib\site-packages\openai\_base_client.py:1594: in request
    raise self._make_status_error_from_response(err.response) from None
E   openai.AuthenticationError: Error code: 401 - {'error': {'message': "You didn't provide an API key. You need to provide your API key in an Authorization header using Bearer auth (i.e. Authorization: Bearer YOUR_KEY), or as the password field (with blank username) if you're accessing the API from your browser and are prompted for a username and password. You can obtain an API key from https://platform.openai.com/account/api-keys.", 'type': 'invalid_request_error', 'param': None, 'code': None}}
___________________________ test_persistent_storage ___________________________
packages\py-cml\tests\embedded\test_lite_mode.py:77: in test_persistent_storage
    await m1.write("Persistent memory content")
C:\Users\avina\AppData\Local\Programs\Python\Python312\Lib\site-packages\cml\embedded.py:268: in write
    result = await self._orchestrator.write(
C:\Users\avina\AppData\Local\Programs\Python\Python312\Lib\site-packages\src\memory\orchestrator.py:381: in write
    result = await self.hippocampal.encode_batch(
C:\Users\avina\AppData\Local\Programs\Python\Python312\Lib\site-packages\src\memory\hippocampal\store.py:350: in encode_batch
    embedding_results = await self.embeddings.embed_batch(texts_to_embed)
                        ^^^^^^^^^^^^^^^^^^^^^^^^^^^^^^^^^^^^^^^^^^^^^^^^^
C:\Users\avina\AppData\Local\Programs\Python\Python312\Lib\site-packages\src\utils\embeddings.py:89: in embed_batch
    response = await self.client.embeddings.create(**kwargs)
               ^^^^^^^^^^^^^^^^^^^^^^^^^^^^^^^^^^^^^^^^^^^^^
C:\Users\avina\AppData\Local\Programs\Python\Python312\Lib\site-packages\openai\resources\embeddings.py:251: in create
    return await self._post(
C:\Users\avina\AppData\Local\Programs\Python\Python312\Lib\site-packages\openai\_base_client.py:1794: in post
    return await self.request(cast_to, opts, stream=stream, stream_cls=stream_cls)
           ^^^^^^^^^^^^^^^^^^^^^^^^^^^^^^^^^^^^^^^^^^^^^^^^^^^^^^^^^^^^^^^^^^^^^^^
C:\Users\avina\AppData\Local\Programs\Python\Python312\Lib\site-packages\openai\_base_client.py:1594: in request
    raise self._make_status_error_from_response(err.response) from None
E   openai.AuthenticationError: Error code: 401 - {'error': {'message': "You didn't provide an API key. You need to provide your API key in an Authorization header using Bearer auth (i.e. Authorization: Bearer YOUR_KEY), or as the password field (with blank username) if you're accessing the API from your browser and are prompted for a username and password. You can obtain an API key from https://platform.openai.com/account/api-keys.", 'type': 'invalid_request_error', 'param': None, 'code': None}}
------------------------------ Captured log call ------------------------------
ERROR    asyncio:base_events.py:1833 Task exception was never retrieved
future: <Task finished name='Task-1965' coro=<AsyncClient.aclose() done, defined at C:\Users\avina\AppData\Local\Programs\Python\Python312\Lib\site-packages\httpx\_client.py:1978> exception=RuntimeError('Event loop is closed')>
Traceback (most recent call last):
  File "C:\Users\avina\AppData\Local\Programs\Python\Python312\Lib\site-packages\httpx\_client.py", line 1985, in aclose
    await self._transport.aclose()
  File "C:\Users\avina\AppData\Local\Programs\Python\Python312\Lib\site-packages\httpx\_transports\default.py", line 406, in aclose
    await self._pool.aclose()
  File "C:\Users\avina\AppData\Local\Programs\Python\Python312\Lib\site-packages\httpcore\_async\connection_pool.py", line 353, in aclose
    await self._close_connections(closing_connections)
  File "C:\Users\avina\AppData\Local\Programs\Python\Python312\Lib\site-packages\httpcore\_async\connection_pool.py", line 345, in _close_connections
    await connection.aclose()
  File "C:\Users\avina\AppData\Local\Programs\Python\Python312\Lib\site-packages\httpcore\_async\connection.py", line 173, in aclose
    await self._connection.aclose()
  File "C:\Users\avina\AppData\Local\Programs\Python\Python312\Lib\site-packages\httpcore\_async\http11.py", line 258, in aclose
    await self._network_stream.aclose()
  File "C:\Users\avina\AppData\Local\Programs\Python\Python312\Lib\site-packages\httpcore\_backends\anyio.py", line 53, in aclose
    await self._stream.aclose()
  File "C:\Users\avina\AppData\Local\Programs\Python\Python312\Lib\site-packages\anyio\streams\tls.py", line 234, in aclose
    await self.transport_stream.aclose()
  File "C:\Users\avina\AppData\Local\Programs\Python\Python312\Lib\site-packages\anyio\_backends\_asyncio.py", line 1323, in aclose
    self._transport.close()
  File "C:\Users\avina\AppData\Local\Programs\Python\Python312\Lib\asyncio\proactor_events.py", line 109, in close
    self._loop.call_soon(self._call_connection_lost, None)
  File "C:\Users\avina\AppData\Local\Programs\Python\Python312\Lib\asyncio\base_events.py", line 799, in call_soon
    self._check_closed()
  File "C:\Users\avina\AppData\Local\Programs\Python\Python312\Lib\asyncio\base_events.py", line 545, in _check_closed
    raise RuntimeError('Event loop is closed')
RuntimeError: Event loop is closed
______________________________ test_consolidate _______________________________
packages\py-cml\tests\integration\test_admin.py:13: in test_consolidate
    result = await live_client.consolidate()
             ^^^^^^^^^^^^^^^^^^^^^^^^^^^^^^^
C:\Users\avina\AppData\Local\Programs\Python\Python312\Lib\site-packages\cml\async_client.py:559: in consolidate
    return await self._transport.request(
C:\Users\avina\AppData\Local\Programs\Python\Python312\Lib\site-packages\cml\transport\http.py:316: in request
    return await retry_async(
C:\Users\avina\AppData\Local\Programs\Python\Python312\Lib\site-packages\cml\transport\retry.py:73: in retry_async
    return await func(*args, **kwargs)
           ^^^^^^^^^^^^^^^^^^^^^^^^^^^
C:\Users\avina\AppData\Local\Programs\Python\Python312\Lib\site-packages\cml\transport\http.py:289: in _do_request
    _raise_for_status(response)
C:\Users\avina\AppData\Local\Programs\Python\Python312\Lib\site-packages\cml\transport\http.py:59: in _raise_for_status
    raise AuthorizationError(
E   cml.exceptions.AuthorizationError: Admin permission required
E     Suggestion: This operation may require admin API key. Set CML_ADMIN_API_KEY.
E     Request ID: 1771843037183669472
_________________________ test_run_forgetting_dry_run _________________________
packages\py-cml\tests\integration\test_admin.py:24: in test_run_forgetting_dry_run
    result = await live_client.run_forgetting(dry_run=True)
             ^^^^^^^^^^^^^^^^^^^^^^^^^^^^^^^^^^^^^^^^^^^^^^
C:\Users\avina\AppData\Local\Programs\Python\Python312\Lib\site-packages\cml\async_client.py:583: in run_forgetting
    return await self._transport.request(
C:\Users\avina\AppData\Local\Programs\Python\Python312\Lib\site-packages\cml\transport\http.py:316: in request
    return await retry_async(
C:\Users\avina\AppData\Local\Programs\Python\Python312\Lib\site-packages\cml\transport\retry.py:73: in retry_async
    return await func(*args, **kwargs)
           ^^^^^^^^^^^^^^^^^^^^^^^^^^^
C:\Users\avina\AppData\Local\Programs\Python\Python312\Lib\site-packages\cml\transport\http.py:289: in _do_request
    _raise_for_status(response)
C:\Users\avina\AppData\Local\Programs\Python\Python312\Lib\site-packages\cml\transport\http.py:59: in _raise_for_status
    raise AuthorizationError(
E   cml.exceptions.AuthorizationError: Admin permission required
E     Suggestion: This operation may require admin API key. Set CML_ADMIN_API_KEY.
E     Request ID: 1771843038419971178
______________________________ test_list_tenants ______________________________
packages\py-cml\tests\integration\test_admin.py:35: in test_list_tenants
    tenants = await live_client.list_tenants()
              ^^^^^^^^^^^^^^^^^^^^^^^^^^^^^^^^
C:\Users\avina\AppData\Local\Programs\Python\Python312\Lib\site-packages\cml\async_client.py:670: in list_tenants
    data = await self._transport.request(
C:\Users\avina\AppData\Local\Programs\Python\Python312\Lib\site-packages\cml\transport\http.py:316: in request
    return await retry_async(
C:\Users\avina\AppData\Local\Programs\Python\Python312\Lib\site-packages\cml\transport\retry.py:73: in retry_async
    return await func(*args, **kwargs)
           ^^^^^^^^^^^^^^^^^^^^^^^^^^^
C:\Users\avina\AppData\Local\Programs\Python\Python312\Lib\site-packages\cml\transport\http.py:289: in _do_request
    _raise_for_status(response)
C:\Users\avina\AppData\Local\Programs\Python\Python312\Lib\site-packages\cml\transport\http.py:59: in _raise_for_status
    raise AuthorizationError(
E   cml.exceptions.AuthorizationError: Admin permission required
E     Suggestion: This operation may require admin API key. Set CML_ADMIN_API_KEY.
E     Request ID: 1771843039769320987
____________________________ test_component_health ____________________________
packages\py-cml\tests\integration\test_admin.py:46: in test_component_health
    health = await live_client.component_health()
             ^^^^^^^^^^^^^^^^^^^^^^^^^^^^^^^^^^^^
C:\Users\avina\AppData\Local\Programs\Python\Python312\Lib\site-packages\cml\async_client.py:789: in component_health
    data = await self._transport.request(
C:\Users\avina\AppData\Local\Programs\Python\Python312\Lib\site-packages\cml\transport\http.py:316: in request
    return await retry_async(
C:\Users\avina\AppData\Local\Programs\Python\Python312\Lib\site-packages\cml\transport\retry.py:73: in retry_async
    return await func(*args, **kwargs)
           ^^^^^^^^^^^^^^^^^^^^^^^^^^^
C:\Users\avina\AppData\Local\Programs\Python\Python312\Lib\site-packages\cml\transport\http.py:289: in _do_request
    _raise_for_status(response)
C:\Users\avina\AppData\Local\Programs\Python\Python312\Lib\site-packages\cml\transport\http.py:59: in _raise_for_status
    raise AuthorizationError(
E   cml.exceptions.AuthorizationError: Admin permission required
E     Suggestion: This operation may require admin API key. Set CML_ADMIN_API_KEY.
E     Request ID: 1771843041185730773
_________________________ test_batch_write_then_read __________________________
packages\py-cml\tests\integration\test_batch.py:16: in test_batch_write_then_read
    results = await live_client.batch_write(items)
              ^^^^^^^^^^^^^^^^^^^^^^^^^^^^^^^^^^^^
C:\Users\avina\AppData\Local\Programs\Python\Python312\Lib\site-packages\cml\async_client.py:628: in batch_write
    resp = await self.write(
C:\Users\avina\AppData\Local\Programs\Python\Python312\Lib\site-packages\cml\async_client.py:175: in write
    data = await self._transport.request(
C:\Users\avina\AppData\Local\Programs\Python\Python312\Lib\site-packages\cml\transport\http.py:316: in request
    return await retry_async(
C:\Users\avina\AppData\Local\Programs\Python\Python312\Lib\site-packages\cml\transport\retry.py:102: in retry_async
    raise last_exception
C:\Users\avina\AppData\Local\Programs\Python\Python312\Lib\site-packages\cml\transport\retry.py:73: in retry_async
    return await func(*args, **kwargs)
           ^^^^^^^^^^^^^^^^^^^^^^^^^^^
C:\Users\avina\AppData\Local\Programs\Python\Python312\Lib\site-packages\cml\transport\http.py:289: in _do_request
    _raise_for_status(response)
C:\Users\avina\AppData\Local\Programs\Python\Python312\Lib\site-packages\cml\transport\http.py:99: in _raise_for_status
    raise ServerError(
E   cml.exceptions.ServerError: Internal server error
E     Suggestion: Server error; retry later or check server logs
E     Request ID: 1771843044184648686
_______________________________ test_batch_read _______________________________
packages\py-cml\tests\integration\test_batch.py:32: in test_batch_read
    await live_client.write("Query A content")
C:\Users\avina\AppData\Local\Programs\Python\Python312\Lib\site-packages\cml\async_client.py:175: in write
    data = await self._transport.request(
C:\Users\avina\AppData\Local\Programs\Python\Python312\Lib\site-packages\cml\transport\http.py:316: in request
    return await retry_async(
C:\Users\avina\AppData\Local\Programs\Python\Python312\Lib\site-packages\cml\transport\retry.py:102: in retry_async
    raise last_exception
C:\Users\avina\AppData\Local\Programs\Python\Python312\Lib\site-packages\cml\transport\retry.py:73: in retry_async
    return await func(*args, **kwargs)
           ^^^^^^^^^^^^^^^^^^^^^^^^^^^
C:\Users\avina\AppData\Local\Programs\Python\Python312\Lib\site-packages\cml\transport\http.py:289: in _do_request
    _raise_for_status(response)
C:\Users\avina\AppData\Local\Programs\Python\Python312\Lib\site-packages\cml\transport\http.py:99: in _raise_for_status
    raise ServerError(
E   cml.exceptions.ServerError: Internal server error
E     Suggestion: Server error; retry later or check server logs
E     Request ID: 1771843047445351221
_______________________ test_with_namespace_write_read ________________________
packages\py-cml\tests\integration\test_namespace.py:11: in test_with_namespace_write_read
    w = await ns.write("Namespaced memory content")
        ^^^^^^^^^^^^^^^^^^^^^^^^^^^^^^^^^^^^^^^^^^^
C:\Users\avina\AppData\Local\Programs\Python\Python312\Lib\site-packages\cml\async_client.py:1174: in write
    return await self._parent.write(
C:\Users\avina\AppData\Local\Programs\Python\Python312\Lib\site-packages\cml\async_client.py:175: in write
    data = await self._transport.request(
C:\Users\avina\AppData\Local\Programs\Python\Python312\Lib\site-packages\cml\transport\http.py:316: in request
    return await retry_async(
C:\Users\avina\AppData\Local\Programs\Python\Python312\Lib\site-packages\cml\transport\retry.py:102: in retry_async
    raise last_exception
C:\Users\avina\AppData\Local\Programs\Python\Python312\Lib\site-packages\cml\transport\retry.py:73: in retry_async
    return await func(*args, **kwargs)
           ^^^^^^^^^^^^^^^^^^^^^^^^^^^
C:\Users\avina\AppData\Local\Programs\Python\Python312\Lib\site-packages\cml\transport\http.py:289: in _do_request
    _raise_for_status(response)
C:\Users\avina\AppData\Local\Programs\Python\Python312\Lib\site-packages\cml\transport\http.py:99: in _raise_for_status
    raise ServerError(
E   cml.exceptions.ServerError: Internal server error
E     Suggestion: Server error; retry later or check server logs
E     Request ID: 1771843051184727476
__________________________ test_get_session_context ___________________________
packages\py-cml\tests\integration\test_sessions.py:20: in test_get_session_context
    await live_client.write("Session-scoped memory", session_id=sess.session_id)
C:\Users\avina\AppData\Local\Programs\Python\Python312\Lib\site-packages\cml\async_client.py:175: in write
    data = await self._transport.request(
C:\Users\avina\AppData\Local\Programs\Python\Python312\Lib\site-packages\cml\transport\http.py:316: in request
    return await retry_async(
C:\Users\avina\AppData\Local\Programs\Python\Python312\Lib\site-packages\cml\transport\retry.py:102: in retry_async
    raise last_exception
C:\Users\avina\AppData\Local\Programs\Python\Python312\Lib\site-packages\cml\transport\retry.py:73: in retry_async
    return await func(*args, **kwargs)
           ^^^^^^^^^^^^^^^^^^^^^^^^^^^
C:\Users\avina\AppData\Local\Programs\Python\Python312\Lib\site-packages\cml\transport\http.py:289: in _do_request
    _raise_for_status(response)
C:\Users\avina\AppData\Local\Programs\Python\Python312\Lib\site-packages\cml\transport\http.py:99: in _raise_for_status
    raise ServerError(
E   cml.exceptions.ServerError: Internal server error
E     Suggestion: Server error; retry later or check server logs
E     Request ID: 1771843055591077483
============================== warnings summary ===============================
tests/integration/test_historic_timestamps.py::test_timestamp_preservation
  <frozen importlib._bootstrap>:488: DeprecationWarning: builtin type SwigPyPacked has no __module__ attribute

tests/integration/test_historic_timestamps.py::test_timestamp_preservation
  <frozen importlib._bootstrap>:488: DeprecationWarning: builtin type SwigPyObject has no __module__ attribute

-- Docs: https://docs.pytest.org/en/stable/how-to/capture-warnings.html
=========================== short test summary info ===========================
FAILED tests/integration/test_constraint_semantic_disconnect.py::test_constraint_surfaces_despite_semantic_disconnect
FAILED tests/integration/test_hippocampal_encode_flow.py::test_encode_chunk_stores_record
FAILED tests/integration/test_hippocampal_encode_flow.py::test_encode_chunk_skip_low_salience
FAILED tests/integration/test_hippocampal_encode_flow.py::test_encode_chunk_stored_record_type_matches_gate
FAILED tests/integration/test_hippocampal_encode_flow.py::test_hippocampal_get_recent_and_search_with_type_filter
FAILED tests/integration/test_hippocampal_encode_flow.py::test_constraint_supersession_first_silent_second_active
FAILED tests/integration/test_memory_type_storage_retrieval.py::test_knowledge_base_store_query
FAILED tests/integration/test_memory_type_storage_retrieval.py::test_historical_timestamp_preservation
FAILED tests/integration/test_retrieval_flow.py::test_retrieve_returns_packet_with_facts
FAILED tests/integration/test_retrieval_flow.py::test_retrieve_for_llm_returns_string
FAILED tests/integration/test_retrieval_flow.py::test_retrieve_with_memory_types_filter_returns_only_allowed_types
FAILED tests/integration/test_retrieval_flow.py::test_retrieve_mixed_vector_and_facts_both_sources_contribute
FAILED tests/integration/test_retrieval_flow.py::test_retrieval_embedding_called_once
FAILED tests/integration/test_retrieval_flow.py::test_retrieval_validity_filtering
FAILED tests/integration/test_unified_write_path.py::test_encode_batch_with_unified_extractor_uses_llm_results
FAILED tests/integration/test_unified_write_path.py::test_encode_batch_uses_llm_confidence_context_tags_decay_rate
FAILED tests/integration/test_unified_write_path.py::test_encode_batch_uses_llm_memory_type
FAILED tests/integration/test_unified_write_path.py::test_encode_batch_fallback_when_llm_memory_type_disabled
FAILED tests/unit/test_core_enums_schemas_config.py::TestConfig::test_nested_settings_defaults
FAILED tests/unit/test_timestamp_ingestion.py::test_timestamp_ingestion - Typ...
FAILED packages/py-cml/tests/e2e/test_chat_flow.py::test_multi_turn_conversation
FAILED packages/py-cml/tests/e2e/test_migration.py::test_export_import_embedded_to_server
FAILED packages/py-cml/tests/embedded/test_lite_mode.py::test_lite_mode_write_and_read_roundtrip
FAILED packages/py-cml/tests/embedded/test_lite_mode.py::test_persistent_storage
FAILED packages/py-cml/tests/integration/test_admin.py::test_consolidate - cm...
FAILED packages/py-cml/tests/integration/test_admin.py::test_run_forgetting_dry_run
FAILED packages/py-cml/tests/integration/test_admin.py::test_list_tenants - c...
FAILED packages/py-cml/tests/integration/test_admin.py::test_component_health
FAILED packages/py-cml/tests/integration/test_batch.py::test_batch_write_then_read
FAILED packages/py-cml/tests/integration/test_batch.py::test_batch_read - cml...
FAILED packages/py-cml/tests/integration/test_namespace.py::test_with_namespace_write_read
FAILED packages/py-cml/tests/integration/test_sessions.py::test_get_session_context
ERROR tests/e2e/test_api_flows.py::test_full_memory_lifecycle - AttributeErro...
ERROR tests/e2e/test_api_flows.py::test_health_response_structure - Attribute...
ERROR tests/e2e/test_api_flows.py::test_write_eval_mode_returns_outcome_and_reason
ERROR tests/unit/test_memory_retriever.py::test_retrieve_embeds_query_once - ...
= 32 failed, 681 passed, 11 skipped, 2 warnings, 4 errors in 222.59s (0:03:42) =
pytest : sys:1: DeprecationWarning: builtin type swigvarlink has no __module__ attribute
At C:\Users\avina\AppData\Local\Temp\ps-script-49332653-2ede-4b45-b2a4-bca50af74773.ps1:85 char:117
+ ... "test-key"; pytest tests packages/py-cml/tests -v --tb=short 2>&1 | T ...
+                 ~~~~~~~~~~~~~~~~~~~~~~~~~~~~~~~~~~~~~~~~~~~~~~~~~~~~~
    + CategoryInfo          : NotSpecified: (sys:1: Deprecat...ule__ attribute:String) [], RemoteException
    + FullyQualifiedErrorId : NativeCommandError
 
